17:19:18 **** Auto Build of configuration Debug for project echo_test_bsp_xemaclite_ping_reply_example_1 ****
make all 
'Building file: ../src/xemaclite_example_util.c'
'Invoking: MicroBlaze gcc compiler'
mb-gcc -Wall -O0 -g3 -c -fmessage-length=0 -MT"src/xemaclite_example_util.o" -I../../echo_test_bsp/microblaze_0/include -mlittle-endian -mcpu=v11.0 -mxl-soft-mul -Wl,--no-relax -ffunction-sections -fdata-sections -MMD -MP -MF"src/xemaclite_example_util.d" -MT"src/xemaclite_example_util.o" -o "src/xemaclite_example_util.o" "../src/xemaclite_example_util.c"
'Finished building: ../src/xemaclite_example_util.c'
' '
'Building file: ../src/xemaclite_ping_reply_example.c'
'Invoking: MicroBlaze gcc compiler'
mb-gcc -Wall -O0 -g3 -c -fmessage-length=0 -MT"src/xemaclite_ping_reply_example.o" -I../../echo_test_bsp/microblaze_0/include -mlittle-endian -mcpu=v11.0 -mxl-soft-mul -Wl,--no-relax -ffunction-sections -fdata-sections -MMD -MP -MF"src/xemaclite_ping_reply_example.d" -MT"src/xemaclite_ping_reply_example.o" -o "src/xemaclite_ping_reply_example.o" "../src/xemaclite_ping_reply_example.c"
../src/xemaclite_ping_reply_example.c: In function 'ProcessRecvFrame':
../src/xemaclite_ping_reply_example.c:318:6: warning: variable 'NextTxBuffBaseAddr' set but not used [-Wunused-but-set-variable]
  u32 NextTxBuffBaseAddr;
      ^~~~~~~~~~~~~~~~~~
'Finished building: ../src/xemaclite_ping_reply_example.c'
' '
'Building target: echo_test_bsp_xemaclite_ping_reply_example_1.elf'
'Invoking: MicroBlaze gcc linker'
mb-gcc -Wl,-T -Wl,../src/lscript.ld -L../../echo_test_bsp/microblaze_0/lib -mlittle-endian -mcpu=v11.0 -mxl-soft-mul -Wl,--no-relax -Wl,--gc-sections -o "echo_test_bsp_xemaclite_ping_reply_example_1.elf"  ./src/xemaclite_example_util.o ./src/xemaclite_ping_reply_example.o   -Wl,--start-group,-lxil,-lgcc,-lc,--end-group -Wl,--start-group,-lxil,-llwip4,-lgcc,-lc,--end-group
'Finished building target: echo_test_bsp_xemaclite_ping_reply_example_1.elf'
' '
'Invoking: MicroBlaze Print Size'
mb-size echo_test_bsp_xemaclite_ping_reply_example_1.elf  |tee "echo_test_bsp_xemaclite_ping_reply_example_1.elf.size"
   text	   data	    bss	    dec	    hex	filename
  12072	    352	   6200	  18624	   48c0	echo_test_bsp_xemaclite_ping_reply_example_1.elf
'Finished building: echo_test_bsp_xemaclite_ping_reply_example_1.elf.size'
' '

17:19:19 Build Finished (took 898ms)

