15:00:18 **** Build of project TCPServer_bsp ****
make -k all 
"Running Make include in microblaze_0/libsrc/bram_v4_2/src"
make -C microblaze_0/libsrc/bram_v4_2/src -s include  "SHELL=CMD" "COMPILER=mb-gcc" "ARCHIVER=mb-ar" "COMPILER_FLAGS=  -O2 -c -mcpu=v11.0 -mlittle-endian -mxl-soft-mul" "EXTRA_COMPILER_FLAGS=-ffunction-sections -fdata-sections -Wall -Wextra"
"Running Make include in microblaze_0/libsrc/cpu_v2_8/src"
make -C microblaze_0/libsrc/cpu_v2_8/src -s include  "SHELL=CMD" "COMPILER=mb-gcc" "ARCHIVER=mb-ar" "COMPILER_FLAGS=  -O2 -c -mcpu=v11.0 -mlittle-endian -mxl-soft-mul" "EXTRA_COMPILER_FLAGS=-ffunction-sections -fdata-sections -Wall -Wextra"
"Running Make include in microblaze_0/libsrc/emaclite_v4_3/src"
make -C microblaze_0/libsrc/emaclite_v4_3/src -s include  "SHELL=CMD" "COMPILER=mb-gcc" "ARCHIVER=mb-ar" "COMPILER_FLAGS=  -O2 -c -mcpu=v11.0 -mlittle-endian -mxl-soft-mul" "EXTRA_COMPILER_FLAGS=-ffunction-sections -fdata-sections -Wall -Wextra"
"Running Make include in microblaze_0/libsrc/gpio_v4_3/src"
make -C microblaze_0/libsrc/gpio_v4_3/src -s include  "SHELL=CMD" "COMPILER=mb-gcc" "ARCHIVER=mb-ar" "COMPILER_FLAGS=  -O2 -c -mcpu=v11.0 -mlittle-endian -mxl-soft-mul" "EXTRA_COMPILER_FLAGS=-ffunction-sections -fdata-sections -Wall -Wextra"
"Running Make include in microblaze_0/libsrc/intc_v3_8/src"
make -C microblaze_0/libsrc/intc_v3_8/src -s include  "SHELL=CMD" "COMPILER=mb-gcc" "ARCHIVER=mb-ar" "COMPILER_FLAGS=  -O2 -c -mcpu=v11.0 -mlittle-endian -mxl-soft-mul" "EXTRA_COMPILER_FLAGS=-ffunction-sections -fdata-sections -Wall -Wextra"
"Running Make include in microblaze_0/libsrc/lwip202_v1_2/src"
make -C microblaze_0/libsrc/lwip202_v1_2/src -s include  "SHELL=CMD" "COMPILER=mb-gcc" "ARCHIVER=mb-ar" "COMPILER_FLAGS=  -O2 -c -mcpu=v11.0 -mlittle-endian -mxl-soft-mul" "EXTRA_COMPILER_FLAGS=-ffunction-sections -fdata-sections -Wall -Wextra"
"Running Make include in microblaze_0/libsrc/standalone_v6_8/src"
make -C microblaze_0/libsrc/standalone_v6_8/src -s include  "SHELL=CMD" "COMPILER=mb-gcc" "ARCHIVER=mb-ar" "COMPILER_FLAGS=  -O2 -c -mcpu=v11.0 -mlittle-endian -mxl-soft-mul" "EXTRA_COMPILER_FLAGS=-ffunction-sections -fdata-sections -Wall -Wextra"
"Running Make include in microblaze_0/libsrc/tmrctr_v4_5/src"
make -C microblaze_0/libsrc/tmrctr_v4_5/src -s include  "SHELL=CMD" "COMPILER=mb-gcc" "ARCHIVER=mb-ar" "COMPILER_FLAGS=  -O2 -c -mcpu=v11.0 -mlittle-endian -mxl-soft-mul" "EXTRA_COMPILER_FLAGS=-ffunction-sections -fdata-sections -Wall -Wextra"
"Running Make include in microblaze_0/libsrc/uartlite_v3_2/src"
make -C microblaze_0/libsrc/uartlite_v3_2/src -s include  "SHELL=CMD" "COMPILER=mb-gcc" "ARCHIVER=mb-ar" "COMPILER_FLAGS=  -O2 -c -mcpu=v11.0 -mlittle-endian -mxl-soft-mul" "EXTRA_COMPILER_FLAGS=-ffunction-sections -fdata-sections -Wall -Wextra"
"Running Make libs in microblaze_0/libsrc/bram_v4_2/src"
make -C microblaze_0/libsrc/bram_v4_2/src -s libs  "SHELL=CMD" "COMPILER=mb-gcc" "ARCHIVER=mb-ar" "COMPILER_FLAGS=  -O2 -c -mcpu=v11.0 -mlittle-endian -mxl-soft-mul" "EXTRA_COMPILER_FLAGS=-ffunction-sections -fdata-sections -Wall -Wextra"
"Compiling bram"
"Running Make libs in microblaze_0/libsrc/cpu_v2_8/src"
make -C microblaze_0/libsrc/cpu_v2_8/src -s libs  "SHELL=CMD" "COMPILER=mb-gcc" "ARCHIVER=mb-ar" "COMPILER_FLAGS=  -O2 -c -mcpu=v11.0 -mlittle-endian -mxl-soft-mul" "EXTRA_COMPILER_FLAGS=-ffunction-sections -fdata-sections -Wall -Wextra"
"Compiling cpu"
"Running Make libs in microblaze_0/libsrc/emaclite_v4_3/src"
make -C microblaze_0/libsrc/emaclite_v4_3/src -s libs  "SHELL=CMD" "COMPILER=mb-gcc" "ARCHIVER=mb-ar" "COMPILER_FLAGS=  -O2 -c -mcpu=v11.0 -mlittle-endian -mxl-soft-mul" "EXTRA_COMPILER_FLAGS=-ffunction-sections -fdata-sections -Wall -Wextra"
"Compiling emaclite"
"Running Make libs in microblaze_0/libsrc/gpio_v4_3/src"
make -C microblaze_0/libsrc/gpio_v4_3/src -s libs  "SHELL=CMD" "COMPILER=mb-gcc" "ARCHIVER=mb-ar" "COMPILER_FLAGS=  -O2 -c -mcpu=v11.0 -mlittle-endian -mxl-soft-mul" "EXTRA_COMPILER_FLAGS=-ffunction-sections -fdata-sections -Wall -Wextra"
"Compiling gpio"
"Running Make libs in microblaze_0/libsrc/intc_v3_8/src"
make -C microblaze_0/libsrc/intc_v3_8/src -s libs  "SHELL=CMD" "COMPILER=mb-gcc" "ARCHIVER=mb-ar" "COMPILER_FLAGS=  -O2 -c -mcpu=v11.0 -mlittle-endian -mxl-soft-mul" "EXTRA_COMPILER_FLAGS=-ffunction-sections -fdata-sections -Wall -Wextra"
"Compiling intc"
"Running Make libs in microblaze_0/libsrc/lwip202_v1_2/src"
make -C microblaze_0/libsrc/lwip202_v1_2/src -s libs  "SHELL=CMD" "COMPILER=mb-gcc" "ARCHIVER=mb-ar" "COMPILER_FLAGS=  -O2 -c -mcpu=v11.0 -mlittle-endian -mxl-soft-mul" "EXTRA_COMPILER_FLAGS=-ffunction-sections -fdata-sections -Wall -Wextra"
"Compiling lwip src and adapter files"
"Running Make libs in microblaze_0/libsrc/standalone_v6_8/src"
make -C microblaze_0/libsrc/standalone_v6_8/src -s libs  "SHELL=CMD" "COMPILER=mb-gcc" "ARCHIVER=mb-ar" "COMPILER_FLAGS=  -O2 -c -mcpu=v11.0 -mlittle-endian -mxl-soft-mul" "EXTRA_COMPILER_FLAGS=-ffunction-sections -fdata-sections -Wall -Wextra"
"Compiling standalone";
microblaze_sleep.c:77:9: note: #pragma message: For the sleep routines, assembly instructions are used
 #pragma message ("For the sleep routines, assembly instructions are used")
         ^~~~~~~
"Running Make libs in microblaze_0/libsrc/tmrctr_v4_5/src"
make -C microblaze_0/libsrc/tmrctr_v4_5/src -s libs  "SHELL=CMD" "COMPILER=mb-gcc" "ARCHIVER=mb-ar" "COMPILER_FLAGS=  -O2 -c -mcpu=v11.0 -mlittle-endian -mxl-soft-mul" "EXTRA_COMPILER_FLAGS=-ffunction-sections -fdata-sections -Wall -Wextra"
"Compiling tmrctr"
"Running Make libs in microblaze_0/libsrc/uartlite_v3_2/src"
make -C microblaze_0/libsrc/uartlite_v3_2/src -s libs  "SHELL=CMD" "COMPILER=mb-gcc" "ARCHIVER=mb-ar" "COMPILER_FLAGS=  -O2 -c -mcpu=v11.0 -mlittle-endian -mxl-soft-mul" "EXTRA_COMPILER_FLAGS=-ffunction-sections -fdata-sections -Wall -Wextra"
"Compiling uartlite"
'Finished building libraries'
15:00:33 **** Clean-only build of configuration Debug for project TCPServer ****
make clean 
rm -rf  ./src/TCP_Pulse_Logger.o ./src/echo_modified.o ./src/i2c_access.o ./src/iic_phyreset.o ./src/main_modified.o ./src/platform.o ./src/platform_mb.o ./src/platform_ppc.o ./src/platform_zynq.o ./src/platform_zynqmp.o ./src/sfp.o ./src/si5324.o  ./src/TCP_Pulse_Logger.d ./src/echo_modified.d ./src/i2c_access.d ./src/iic_phyreset.d ./src/main_modified.d ./src/platform.d ./src/platform_mb.d ./src/platform_ppc.d ./src/platform_zynq.d ./src/platform_zynqmp.d ./src/sfp.d ./src/si5324.d  TCPServer.elf.size  TCPServer.elf
' '
15:00:36 **** Build of configuration Debug for project TCPServer ****
make all 
'Building file: ../src/TCP_Pulse_Logger.c'
'Invoking: MicroBlaze gcc compiler'
mb-gcc -Wall -O0 -g3 -c -fmessage-length=0 -MT"src/TCP_Pulse_Logger.o" -I../../TCPServer_bsp/microblaze_0/include -mlittle-endian -mcpu=v11.0 -mxl-soft-mul -Wl,--no-relax -ffunction-sections -fdata-sections -MMD -MP -MF"src/TCP_Pulse_Logger.d" -MT"src/TCP_Pulse_Logger.o" -o "src/TCP_Pulse_Logger.o" "../src/TCP_Pulse_Logger.c"
../src/TCP_Pulse_Logger.c: In function 'TCP_pulseLog_init':
../src/TCP_Pulse_Logger.c:16:9: warning: assignment makes pointer from integer without a cast [-Wint-conversion]
  uC2FPGA=0x40000000;
         ^
../src/TCP_Pulse_Logger.c:17:9: warning: assignment makes pointer from integer without a cast [-Wint-conversion]
  FPGA2uC=0x40000000+8;
         ^
../src/TCP_Pulse_Logger.c:19:14: warning: assignment makes pointer from integer without a cast [-Wint-conversion]
  memAddr_read=0x40010000;
              ^
../src/TCP_Pulse_Logger.c:20:15: warning: assignment makes pointer from integer without a cast [-Wint-conversion]
  memAddr_write=0x40010000+8;
               ^
../src/TCP_Pulse_Logger.c:22:9: warning: assignment makes pointer from integer without a cast [-Wint-conversion]
  regLow0=0x40030000;
         ^
../src/TCP_Pulse_Logger.c:23:10: warning: assignment makes pointer from integer without a cast [-Wint-conversion]
  regHigh0=0x40030000+8;
          ^
../src/TCP_Pulse_Logger.c:24:9: warning: assignment makes pointer from integer without a cast [-Wint-conversion]
  regLow1=0x40040000;
         ^
../src/TCP_Pulse_Logger.c:25:10: warning: assignment makes pointer from integer without a cast [-Wint-conversion]
  regHigh1=0x40040000+8;
          ^
../src/TCP_Pulse_Logger.c:26:9: warning: assignment makes pointer from integer without a cast [-Wint-conversion]
  regLow2=0x40050000;
         ^
../src/TCP_Pulse_Logger.c:27:10: warning: assignment makes pointer from integer without a cast [-Wint-conversion]
  regHigh2=0x40050000+8;
          ^
../src/TCP_Pulse_Logger.c:28:9: warning: assignment makes pointer from integer without a cast [-Wint-conversion]
  regLow3=0x40020000;
         ^
../src/TCP_Pulse_Logger.c:29:10: warning: assignment makes pointer from integer without a cast [-Wint-conversion]
  regHigh3=0x40020000+8;
          ^
../src/TCP_Pulse_Logger.c:31:18: warning: assignment makes pointer from integer without a cast [-Wint-conversion]
  eventCounterLow0=0x40060000;
                  ^
../src/TCP_Pulse_Logger.c:32:19: warning: assignment makes pointer from integer without a cast [-Wint-conversion]
  eventCounterHigh0=0x40060000+8;
                   ^
../src/TCP_Pulse_Logger.c:33:18: warning: assignment makes pointer from integer without a cast [-Wint-conversion]
  eventCounterLow1=0x40090000;
                  ^
../src/TCP_Pulse_Logger.c:34:19: warning: assignment makes pointer from integer without a cast [-Wint-conversion]
  eventCounterHigh1=0x40090000+8;
                   ^
../src/TCP_Pulse_Logger.c:35:18: warning: assignment makes pointer from integer without a cast [-Wint-conversion]
  eventCounterLow2=0x40070000;
                  ^
../src/TCP_Pulse_Logger.c:36:19: warning: assignment makes pointer from integer without a cast [-Wint-conversion]
  eventCounterHigh2=0x40070000+8;
                   ^
../src/TCP_Pulse_Logger.c:37:18: warning: assignment makes pointer from integer without a cast [-Wint-conversion]
  eventCounterLow3=0x40080000;
                  ^
../src/TCP_Pulse_Logger.c:38:19: warning: assignment makes pointer from integer without a cast [-Wint-conversion]
  eventCounterHigh3=0x40080000+8;
                   ^
../src/TCP_Pulse_Logger.c:61:19: warning: assignment makes pointer from integer without a cast [-Wint-conversion]
  SRAM_WritePointer=0x81000000;
                   ^
../src/TCP_Pulse_Logger.c:62:18: warning: assignment makes pointer from integer without a cast [-Wint-conversion]
  SRAM_ReadPointer=0x81000000;
                  ^
../src/TCP_Pulse_Logger.c: In function 'reset_SRAM_writePointer':
../src/TCP_Pulse_Logger.c:75:19: warning: assignment makes pointer from integer without a cast [-Wint-conversion]
  SRAM_WritePointer=0x81000000;
                   ^
../src/TCP_Pulse_Logger.c: In function 'reset_SRAM_readPointer':
../src/TCP_Pulse_Logger.c:81:18: warning: assignment makes pointer from integer without a cast [-Wint-conversion]
  SRAM_ReadPointer=0x81000000;
                  ^
'Finished building: ../src/TCP_Pulse_Logger.c'
' '
'Building file: ../src/echo_modified.c'
'Invoking: MicroBlaze gcc compiler'
mb-gcc -Wall -O0 -g3 -c -fmessage-length=0 -MT"src/echo_modified.o" -I../../TCPServer_bsp/microblaze_0/include -mlittle-endian -mcpu=v11.0 -mxl-soft-mul -Wl,--no-relax -ffunction-sections -fdata-sections -MMD -MP -MF"src/echo_modified.d" -MT"src/echo_modified.o" -o "src/echo_modified.o" "../src/echo_modified.c"
'Finished building: ../src/echo_modified.c'
' '
'Building file: ../src/i2c_access.c'
'Invoking: MicroBlaze gcc compiler'
mb-gcc -Wall -O0 -g3 -c -fmessage-length=0 -MT"src/i2c_access.o" -I../../TCPServer_bsp/microblaze_0/include -mlittle-endian -mcpu=v11.0 -mxl-soft-mul -Wl,--no-relax -ffunction-sections -fdata-sections -MMD -MP -MF"src/i2c_access.d" -MT"src/i2c_access.o" -o "src/i2c_access.o" "../src/i2c_access.c"
'Finished building: ../src/i2c_access.c'
' '
'Building file: ../src/iic_phyreset.c'
'Invoking: MicroBlaze gcc compiler'
mb-gcc -Wall -O0 -g3 -c -fmessage-length=0 -MT"src/iic_phyreset.o" -I../../TCPServer_bsp/microblaze_0/include -mlittle-endian -mcpu=v11.0 -mxl-soft-mul -Wl,--no-relax -ffunction-sections -fdata-sections -MMD -MP -MF"src/iic_phyreset.d" -MT"src/iic_phyreset.o" -o "src/iic_phyreset.o" "../src/iic_phyreset.c"
'Finished building: ../src/iic_phyreset.c'
' '
'Building file: ../src/main_modified.c'
'Invoking: MicroBlaze gcc compiler'
mb-gcc -Wall -O0 -g3 -c -fmessage-length=0 -MT"src/main_modified.o" -I../../TCPServer_bsp/microblaze_0/include -mlittle-endian -mcpu=v11.0 -mxl-soft-mul -Wl,--no-relax -ffunction-sections -fdata-sections -MMD -MP -MF"src/main_modified.d" -MT"src/main_modified.o" -o "src/main_modified.o" "../src/main_modified.c"
'Finished building: ../src/main_modified.c'
' '
'Building file: ../src/platform.c'
'Invoking: MicroBlaze gcc compiler'
mb-gcc -Wall -O0 -g3 -c -fmessage-length=0 -MT"src/platform.o" -I../../TCPServer_bsp/microblaze_0/include -mlittle-endian -mcpu=v11.0 -mxl-soft-mul -Wl,--no-relax -ffunction-sections -fdata-sections -MMD -MP -MF"src/platform.d" -MT"src/platform.o" -o "src/platform.o" "../src/platform.c"
'Finished building: ../src/platform.c'
' '
'Building file: ../src/platform_mb.c'
'Invoking: MicroBlaze gcc compiler'
mb-gcc -Wall -O0 -g3 -c -fmessage-length=0 -MT"src/platform_mb.o" -I../../TCPServer_bsp/microblaze_0/include -mlittle-endian -mcpu=v11.0 -mxl-soft-mul -Wl,--no-relax -ffunction-sections -fdata-sections -MMD -MP -MF"src/platform_mb.d" -MT"src/platform_mb.o" -o "src/platform_mb.o" "../src/platform_mb.c"
'Finished building: ../src/platform_mb.c'
' '
'Building file: ../src/platform_ppc.c'
'Invoking: MicroBlaze gcc compiler'
mb-gcc -Wall -O0 -g3 -c -fmessage-length=0 -MT"src/platform_ppc.o" -I../../TCPServer_bsp/microblaze_0/include -mlittle-endian -mcpu=v11.0 -mxl-soft-mul -Wl,--no-relax -ffunction-sections -fdata-sections -MMD -MP -MF"src/platform_ppc.d" -MT"src/platform_ppc.o" -o "src/platform_ppc.o" "../src/platform_ppc.c"
'Finished building: ../src/platform_ppc.c'
' '
'Building file: ../src/platform_zynq.c'
'Invoking: MicroBlaze gcc compiler'
mb-gcc -Wall -O0 -g3 -c -fmessage-length=0 -MT"src/platform_zynq.o" -I../../TCPServer_bsp/microblaze_0/include -mlittle-endian -mcpu=v11.0 -mxl-soft-mul -Wl,--no-relax -ffunction-sections -fdata-sections -MMD -MP -MF"src/platform_zynq.d" -MT"src/platform_zynq.o" -o "src/platform_zynq.o" "../src/platform_zynq.c"
'Finished building: ../src/platform_zynq.c'
' '
'Building file: ../src/platform_zynqmp.c'
'Invoking: MicroBlaze gcc compiler'
mb-gcc -Wall -O0 -g3 -c -fmessage-length=0 -MT"src/platform_zynqmp.o" -I../../TCPServer_bsp/microblaze_0/include -mlittle-endian -mcpu=v11.0 -mxl-soft-mul -Wl,--no-relax -ffunction-sections -fdata-sections -MMD -MP -MF"src/platform_zynqmp.d" -MT"src/platform_zynqmp.o" -o "src/platform_zynqmp.o" "../src/platform_zynqmp.c"
'Finished building: ../src/platform_zynqmp.c'
' '
'Building file: ../src/sfp.c'
'Invoking: MicroBlaze gcc compiler'
mb-gcc -Wall -O0 -g3 -c -fmessage-length=0 -MT"src/sfp.o" -I../../TCPServer_bsp/microblaze_0/include -mlittle-endian -mcpu=v11.0 -mxl-soft-mul -Wl,--no-relax -ffunction-sections -fdata-sections -MMD -MP -MF"src/sfp.d" -MT"src/sfp.o" -o "src/sfp.o" "../src/sfp.c"
'Finished building: ../src/sfp.c'
' '
'Building file: ../src/si5324.c'
'Invoking: MicroBlaze gcc compiler'
mb-gcc -Wall -O0 -g3 -c -fmessage-length=0 -MT"src/si5324.o" -I../../TCPServer_bsp/microblaze_0/include -mlittle-endian -mcpu=v11.0 -mxl-soft-mul -Wl,--no-relax -ffunction-sections -fdata-sections -MMD -MP -MF"src/si5324.d" -MT"src/si5324.o" -o "src/si5324.o" "../src/si5324.c"
'Finished building: ../src/si5324.c'
' '
'Building target: TCPServer.elf'
'Invoking: MicroBlaze gcc linker'
mb-gcc -Wl,-T -Wl,../src/lscript.ld -L../../TCPServer_bsp/microblaze_0/lib -mlittle-endian -mcpu=v11.0 -mxl-soft-mul -Wl,--no-relax -Wl,--gc-sections -o "TCPServer.elf"  ./src/TCP_Pulse_Logger.o ./src/echo_modified.o ./src/i2c_access.o ./src/iic_phyreset.o ./src/main_modified.o ./src/platform.o ./src/platform_mb.o ./src/platform_ppc.o ./src/platform_zynq.o ./src/platform_zynqmp.o ./src/sfp.o ./src/si5324.o   -Wl,--start-group,-lxil,-lgcc,-lc,--end-group -Wl,--start-group,-lxil,-llwip4,-lgcc,-lc,--end-group
'Finished building target: TCPServer.elf'
' '
'Invoking: MicroBlaze Print Size'
mb-size TCPServer.elf  |tee "TCPServer.elf.size"
   text	   data	    bss	    dec	    hex	filename
 112424	   1432	 763536	 877392	  d6350	TCPServer.elf
'Finished building: TCPServer.elf.size'
' '
15:00:45 **** Build of project test_bsp ****
make -k all 
"Running Make include in microblaze_0/libsrc/bram_v4_2/src"
make -C microblaze_0/libsrc/bram_v4_2/src -s include  "SHELL=CMD" "COMPILER=mb-gcc" "ARCHIVER=mb-ar" "COMPILER_FLAGS=  -O2 -c -mcpu=v11.0 -mlittle-endian -mxl-soft-mul" "EXTRA_COMPILER_FLAGS=-ffunction-sections -fdata-sections -Wall -Wextra"
"Running Make include in microblaze_0/libsrc/cpu_v2_8/src"
make -C microblaze_0/libsrc/cpu_v2_8/src -s include  "SHELL=CMD" "COMPILER=mb-gcc" "ARCHIVER=mb-ar" "COMPILER_FLAGS=  -O2 -c -mcpu=v11.0 -mlittle-endian -mxl-soft-mul" "EXTRA_COMPILER_FLAGS=-ffunction-sections -fdata-sections -Wall -Wextra"
"Running Make include in microblaze_0/libsrc/emaclite_v4_3/src"
make -C microblaze_0/libsrc/emaclite_v4_3/src -s include  "SHELL=CMD" "COMPILER=mb-gcc" "ARCHIVER=mb-ar" "COMPILER_FLAGS=  -O2 -c -mcpu=v11.0 -mlittle-endian -mxl-soft-mul" "EXTRA_COMPILER_FLAGS=-ffunction-sections -fdata-sections -Wall -Wextra"
"Running Make include in microblaze_0/libsrc/gpio_v4_3/src"
make -C microblaze_0/libsrc/gpio_v4_3/src -s include  "SHELL=CMD" "COMPILER=mb-gcc" "ARCHIVER=mb-ar" "COMPILER_FLAGS=  -O2 -c -mcpu=v11.0 -mlittle-endian -mxl-soft-mul" "EXTRA_COMPILER_FLAGS=-ffunction-sections -fdata-sections -Wall -Wextra"
"Running Make include in microblaze_0/libsrc/intc_v3_8/src"
make -C microblaze_0/libsrc/intc_v3_8/src -s include  "SHELL=CMD" "COMPILER=mb-gcc" "ARCHIVER=mb-ar" "COMPILER_FLAGS=  -O2 -c -mcpu=v11.0 -mlittle-endian -mxl-soft-mul" "EXTRA_COMPILER_FLAGS=-ffunction-sections -fdata-sections -Wall -Wextra"
"Running Make include in microblaze_0/libsrc/lwip202_v1_2/src"
make -C microblaze_0/libsrc/lwip202_v1_2/src -s include  "SHELL=CMD" "COMPILER=mb-gcc" "ARCHIVER=mb-ar" "COMPILER_FLAGS=  -O2 -c -mcpu=v11.0 -mlittle-endian -mxl-soft-mul" "EXTRA_COMPILER_FLAGS=-ffunction-sections -fdata-sections -Wall -Wextra"
"Running Make include in microblaze_0/libsrc/standalone_v6_8/src"
make -C microblaze_0/libsrc/standalone_v6_8/src -s include  "SHELL=CMD" "COMPILER=mb-gcc" "ARCHIVER=mb-ar" "COMPILER_FLAGS=  -O2 -c -mcpu=v11.0 -mlittle-endian -mxl-soft-mul" "EXTRA_COMPILER_FLAGS=-ffunction-sections -fdata-sections -Wall -Wextra"
"Running Make include in microblaze_0/libsrc/tmrctr_v4_5/src"
make -C microblaze_0/libsrc/tmrctr_v4_5/src -s include  "SHELL=CMD" "COMPILER=mb-gcc" "ARCHIVER=mb-ar" "COMPILER_FLAGS=  -O2 -c -mcpu=v11.0 -mlittle-endian -mxl-soft-mul" "EXTRA_COMPILER_FLAGS=-ffunction-sections -fdata-sections -Wall -Wextra"
"Running Make include in microblaze_0/libsrc/uartlite_v3_2/src"
make -C microblaze_0/libsrc/uartlite_v3_2/src -s include  "SHELL=CMD" "COMPILER=mb-gcc" "ARCHIVER=mb-ar" "COMPILER_FLAGS=  -O2 -c -mcpu=v11.0 -mlittle-endian -mxl-soft-mul" "EXTRA_COMPILER_FLAGS=-ffunction-sections -fdata-sections -Wall -Wextra"
"Running Make libs in microblaze_0/libsrc/bram_v4_2/src"
make -C microblaze_0/libsrc/bram_v4_2/src -s libs  "SHELL=CMD" "COMPILER=mb-gcc" "ARCHIVER=mb-ar" "COMPILER_FLAGS=  -O2 -c -mcpu=v11.0 -mlittle-endian -mxl-soft-mul" "EXTRA_COMPILER_FLAGS=-ffunction-sections -fdata-sections -Wall -Wextra"
"Compiling bram"
"Running Make libs in microblaze_0/libsrc/cpu_v2_8/src"
make -C microblaze_0/libsrc/cpu_v2_8/src -s libs  "SHELL=CMD" "COMPILER=mb-gcc" "ARCHIVER=mb-ar" "COMPILER_FLAGS=  -O2 -c -mcpu=v11.0 -mlittle-endian -mxl-soft-mul" "EXTRA_COMPILER_FLAGS=-ffunction-sections -fdata-sections -Wall -Wextra"
"Compiling cpu"
"Running Make libs in microblaze_0/libsrc/emaclite_v4_3/src"
make -C microblaze_0/libsrc/emaclite_v4_3/src -s libs  "SHELL=CMD" "COMPILER=mb-gcc" "ARCHIVER=mb-ar" "COMPILER_FLAGS=  -O2 -c -mcpu=v11.0 -mlittle-endian -mxl-soft-mul" "EXTRA_COMPILER_FLAGS=-ffunction-sections -fdata-sections -Wall -Wextra"
"Compiling emaclite"
"Running Make libs in microblaze_0/libsrc/gpio_v4_3/src"
make -C microblaze_0/libsrc/gpio_v4_3/src -s libs  "SHELL=CMD" "COMPILER=mb-gcc" "ARCHIVER=mb-ar" "COMPILER_FLAGS=  -O2 -c -mcpu=v11.0 -mlittle-endian -mxl-soft-mul" "EXTRA_COMPILER_FLAGS=-ffunction-sections -fdata-sections -Wall -Wextra"
"Compiling gpio"
"Running Make libs in microblaze_0/libsrc/intc_v3_8/src"
make -C microblaze_0/libsrc/intc_v3_8/src -s libs  "SHELL=CMD" "COMPILER=mb-gcc" "ARCHIVER=mb-ar" "COMPILER_FLAGS=  -O2 -c -mcpu=v11.0 -mlittle-endian -mxl-soft-mul" "EXTRA_COMPILER_FLAGS=-ffunction-sections -fdata-sections -Wall -Wextra"
"Compiling intc"
"Running Make libs in microblaze_0/libsrc/lwip202_v1_2/src"
make -C microblaze_0/libsrc/lwip202_v1_2/src -s libs  "SHELL=CMD" "COMPILER=mb-gcc" "ARCHIVER=mb-ar" "COMPILER_FLAGS=  -O2 -c -mcpu=v11.0 -mlittle-endian -mxl-soft-mul" "EXTRA_COMPILER_FLAGS=-ffunction-sections -fdata-sections -Wall -Wextra"
"Compiling lwip src and adapter files"
"Running Make libs in microblaze_0/libsrc/standalone_v6_8/src"
make -C microblaze_0/libsrc/standalone_v6_8/src -s libs  "SHELL=CMD" "COMPILER=mb-gcc" "ARCHIVER=mb-ar" "COMPILER_FLAGS=  -O2 -c -mcpu=v11.0 -mlittle-endian -mxl-soft-mul" "EXTRA_COMPILER_FLAGS=-ffunction-sections -fdata-sections -Wall -Wextra"
"Compiling standalone";
microblaze_sleep.c:77:9: note: #pragma message: For the sleep routines, assembly instructions are used
 #pragma message ("For the sleep routines, assembly instructions are used")
         ^~~~~~~
"Running Make libs in microblaze_0/libsrc/tmrctr_v4_5/src"
make -C microblaze_0/libsrc/tmrctr_v4_5/src -s libs  "SHELL=CMD" "COMPILER=mb-gcc" "ARCHIVER=mb-ar" "COMPILER_FLAGS=  -O2 -c -mcpu=v11.0 -mlittle-endian -mxl-soft-mul" "EXTRA_COMPILER_FLAGS=-ffunction-sections -fdata-sections -Wall -Wextra"
"Compiling tmrctr"
"Running Make libs in microblaze_0/libsrc/uartlite_v3_2/src"
make -C microblaze_0/libsrc/uartlite_v3_2/src -s libs  "SHELL=CMD" "COMPILER=mb-gcc" "ARCHIVER=mb-ar" "COMPILER_FLAGS=  -O2 -c -mcpu=v11.0 -mlittle-endian -mxl-soft-mul" "EXTRA_COMPILER_FLAGS=-ffunction-sections -fdata-sections -Wall -Wextra"
"Compiling uartlite"
'Finished building libraries'
15:04:40 **** Build of project TCPServer_bsp ****
make -k all 
"Running Make include in microblaze_0/libsrc/bram_v4_2/src"
make -C microblaze_0/libsrc/bram_v4_2/src -s include  "SHELL=CMD" "COMPILER=mb-gcc" "ARCHIVER=mb-ar" "COMPILER_FLAGS=  -O2 -c -mcpu=v11.0 -mlittle-endian -mxl-soft-mul" "EXTRA_COMPILER_FLAGS=-ffunction-sections -fdata-sections -Wall -Wextra"
"Running Make include in microblaze_0/libsrc/cpu_v2_8/src"
make -C microblaze_0/libsrc/cpu_v2_8/src -s include  "SHELL=CMD" "COMPILER=mb-gcc" "ARCHIVER=mb-ar" "COMPILER_FLAGS=  -O2 -c -mcpu=v11.0 -mlittle-endian -mxl-soft-mul" "EXTRA_COMPILER_FLAGS=-ffunction-sections -fdata-sections -Wall -Wextra"
"Running Make include in microblaze_0/libsrc/emaclite_v4_3/src"
make -C microblaze_0/libsrc/emaclite_v4_3/src -s include  "SHELL=CMD" "COMPILER=mb-gcc" "ARCHIVER=mb-ar" "COMPILER_FLAGS=  -O2 -c -mcpu=v11.0 -mlittle-endian -mxl-soft-mul" "EXTRA_COMPILER_FLAGS=-ffunction-sections -fdata-sections -Wall -Wextra"
"Running Make include in microblaze_0/libsrc/gpio_v4_3/src"
make -C microblaze_0/libsrc/gpio_v4_3/src -s include  "SHELL=CMD" "COMPILER=mb-gcc" "ARCHIVER=mb-ar" "COMPILER_FLAGS=  -O2 -c -mcpu=v11.0 -mlittle-endian -mxl-soft-mul" "EXTRA_COMPILER_FLAGS=-ffunction-sections -fdata-sections -Wall -Wextra"
"Running Make include in microblaze_0/libsrc/intc_v3_8/src"
make -C microblaze_0/libsrc/intc_v3_8/src -s include  "SHELL=CMD" "COMPILER=mb-gcc" "ARCHIVER=mb-ar" "COMPILER_FLAGS=  -O2 -c -mcpu=v11.0 -mlittle-endian -mxl-soft-mul" "EXTRA_COMPILER_FLAGS=-ffunction-sections -fdata-sections -Wall -Wextra"
"Running Make include in microblaze_0/libsrc/lwip202_v1_2/src"
make -C microblaze_0/libsrc/lwip202_v1_2/src -s include  "SHELL=CMD" "COMPILER=mb-gcc" "ARCHIVER=mb-ar" "COMPILER_FLAGS=  -O2 -c -mcpu=v11.0 -mlittle-endian -mxl-soft-mul" "EXTRA_COMPILER_FLAGS=-ffunction-sections -fdata-sections -Wall -Wextra"
"Running Make include in microblaze_0/libsrc/standalone_v6_8/src"
make -C microblaze_0/libsrc/standalone_v6_8/src -s include  "SHELL=CMD" "COMPILER=mb-gcc" "ARCHIVER=mb-ar" "COMPILER_FLAGS=  -O2 -c -mcpu=v11.0 -mlittle-endian -mxl-soft-mul" "EXTRA_COMPILER_FLAGS=-ffunction-sections -fdata-sections -Wall -Wextra"
"Running Make include in microblaze_0/libsrc/tmrctr_v4_5/src"
make -C microblaze_0/libsrc/tmrctr_v4_5/src -s include  "SHELL=CMD" "COMPILER=mb-gcc" "ARCHIVER=mb-ar" "COMPILER_FLAGS=  -O2 -c -mcpu=v11.0 -mlittle-endian -mxl-soft-mul" "EXTRA_COMPILER_FLAGS=-ffunction-sections -fdata-sections -Wall -Wextra"
"Running Make include in microblaze_0/libsrc/uartlite_v3_2/src"
make -C microblaze_0/libsrc/uartlite_v3_2/src -s include  "SHELL=CMD" "COMPILER=mb-gcc" "ARCHIVER=mb-ar" "COMPILER_FLAGS=  -O2 -c -mcpu=v11.0 -mlittle-endian -mxl-soft-mul" "EXTRA_COMPILER_FLAGS=-ffunction-sections -fdata-sections -Wall -Wextra"
"Running Make libs in microblaze_0/libsrc/bram_v4_2/src"
make -C microblaze_0/libsrc/bram_v4_2/src -s libs  "SHELL=CMD" "COMPILER=mb-gcc" "ARCHIVER=mb-ar" "COMPILER_FLAGS=  -O2 -c -mcpu=v11.0 -mlittle-endian -mxl-soft-mul" "EXTRA_COMPILER_FLAGS=-ffunction-sections -fdata-sections -Wall -Wextra"
"Compiling bram"
"Running Make libs in microblaze_0/libsrc/cpu_v2_8/src"
make -C microblaze_0/libsrc/cpu_v2_8/src -s libs  "SHELL=CMD" "COMPILER=mb-gcc" "ARCHIVER=mb-ar" "COMPILER_FLAGS=  -O2 -c -mcpu=v11.0 -mlittle-endian -mxl-soft-mul" "EXTRA_COMPILER_FLAGS=-ffunction-sections -fdata-sections -Wall -Wextra"
"Compiling cpu"
"Running Make libs in microblaze_0/libsrc/emaclite_v4_3/src"
make -C microblaze_0/libsrc/emaclite_v4_3/src -s libs  "SHELL=CMD" "COMPILER=mb-gcc" "ARCHIVER=mb-ar" "COMPILER_FLAGS=  -O2 -c -mcpu=v11.0 -mlittle-endian -mxl-soft-mul" "EXTRA_COMPILER_FLAGS=-ffunction-sections -fdata-sections -Wall -Wextra"
"Compiling emaclite"
"Running Make libs in microblaze_0/libsrc/gpio_v4_3/src"
make -C microblaze_0/libsrc/gpio_v4_3/src -s libs  "SHELL=CMD" "COMPILER=mb-gcc" "ARCHIVER=mb-ar" "COMPILER_FLAGS=  -O2 -c -mcpu=v11.0 -mlittle-endian -mxl-soft-mul" "EXTRA_COMPILER_FLAGS=-ffunction-sections -fdata-sections -Wall -Wextra"
"Compiling gpio"
"Running Make libs in microblaze_0/libsrc/intc_v3_8/src"
make -C microblaze_0/libsrc/intc_v3_8/src -s libs  "SHELL=CMD" "COMPILER=mb-gcc" "ARCHIVER=mb-ar" "COMPILER_FLAGS=  -O2 -c -mcpu=v11.0 -mlittle-endian -mxl-soft-mul" "EXTRA_COMPILER_FLAGS=-ffunction-sections -fdata-sections -Wall -Wextra"
"Compiling intc"
"Running Make libs in microblaze_0/libsrc/lwip202_v1_2/src"
make -C microblaze_0/libsrc/lwip202_v1_2/src -s libs  "SHELL=CMD" "COMPILER=mb-gcc" "ARCHIVER=mb-ar" "COMPILER_FLAGS=  -O2 -c -mcpu=v11.0 -mlittle-endian -mxl-soft-mul" "EXTRA_COMPILER_FLAGS=-ffunction-sections -fdata-sections -Wall -Wextra"
"Compiling lwip src and adapter files"
"Running Make libs in microblaze_0/libsrc/standalone_v6_8/src"
make -C microblaze_0/libsrc/standalone_v6_8/src -s libs  "SHELL=CMD" "COMPILER=mb-gcc" "ARCHIVER=mb-ar" "COMPILER_FLAGS=  -O2 -c -mcpu=v11.0 -mlittle-endian -mxl-soft-mul" "EXTRA_COMPILER_FLAGS=-ffunction-sections -fdata-sections -Wall -Wextra"
"Compiling standalone";
microblaze_sleep.c:77:9: note: #pragma message: For the sleep routines, assembly instructions are used
 #pragma message ("For the sleep routines, assembly instructions are used")
         ^~~~~~~
"Running Make libs in microblaze_0/libsrc/tmrctr_v4_5/src"
make -C microblaze_0/libsrc/tmrctr_v4_5/src -s libs  "SHELL=CMD" "COMPILER=mb-gcc" "ARCHIVER=mb-ar" "COMPILER_FLAGS=  -O2 -c -mcpu=v11.0 -mlittle-endian -mxl-soft-mul" "EXTRA_COMPILER_FLAGS=-ffunction-sections -fdata-sections -Wall -Wextra"
"Compiling tmrctr"
"Running Make libs in microblaze_0/libsrc/uartlite_v3_2/src"
make -C microblaze_0/libsrc/uartlite_v3_2/src -s libs  "SHELL=CMD" "COMPILER=mb-gcc" "ARCHIVER=mb-ar" "COMPILER_FLAGS=  -O2 -c -mcpu=v11.0 -mlittle-endian -mxl-soft-mul" "EXTRA_COMPILER_FLAGS=-ffunction-sections -fdata-sections -Wall -Wextra"
"Compiling uartlite"
'Finished building libraries'
15:05:31 **** Clean-only build of configuration Debug for project TCPServer ****
make clean 
rm -rf  ./src/TCP_Pulse_Logger.o ./src/echo_modified.o ./src/i2c_access.o ./src/iic_phyreset.o ./src/main_modified.o ./src/platform.o ./src/platform_mb.o ./src/platform_ppc.o ./src/platform_zynq.o ./src/platform_zynqmp.o ./src/sfp.o ./src/si5324.o  ./src/TCP_Pulse_Logger.d ./src/echo_modified.d ./src/i2c_access.d ./src/iic_phyreset.d ./src/main_modified.d ./src/platform.d ./src/platform_mb.d ./src/platform_ppc.d ./src/platform_zynq.d ./src/platform_zynqmp.d ./src/sfp.d ./src/si5324.d  TCPServer.elf.size  TCPServer.elf
' '
15:05:33 **** Build of configuration Debug for project TCPServer ****
make all 
'Building file: ../src/TCP_Pulse_Logger.c'
'Invoking: MicroBlaze gcc compiler'
mb-gcc -Wall -O0 -g3 -c -fmessage-length=0 -MT"src/TCP_Pulse_Logger.o" -I../../TCPServer_bsp/microblaze_0/include -mlittle-endian -mcpu=v11.0 -mxl-soft-mul -Wl,--no-relax -ffunction-sections -fdata-sections -MMD -MP -MF"src/TCP_Pulse_Logger.d" -MT"src/TCP_Pulse_Logger.o" -o "src/TCP_Pulse_Logger.o" "../src/TCP_Pulse_Logger.c"
../src/TCP_Pulse_Logger.c: In function 'TCP_pulseLog_init':
../src/TCP_Pulse_Logger.c:16:9: warning: assignment makes pointer from integer without a cast [-Wint-conversion]
  uC2FPGA=0x40000000;
         ^
../src/TCP_Pulse_Logger.c:17:9: warning: assignment makes pointer from integer without a cast [-Wint-conversion]
  FPGA2uC=0x40000000+8;
         ^
../src/TCP_Pulse_Logger.c:19:14: warning: assignment makes pointer from integer without a cast [-Wint-conversion]
  memAddr_read=0x40010000;
              ^
../src/TCP_Pulse_Logger.c:20:15: warning: assignment makes pointer from integer without a cast [-Wint-conversion]
  memAddr_write=0x40010000+8;
               ^
../src/TCP_Pulse_Logger.c:22:9: warning: assignment makes pointer from integer without a cast [-Wint-conversion]
  regLow0=0x40030000;
         ^
../src/TCP_Pulse_Logger.c:23:10: warning: assignment makes pointer from integer without a cast [-Wint-conversion]
  regHigh0=0x40030000+8;
          ^
../src/TCP_Pulse_Logger.c:24:9: warning: assignment makes pointer from integer without a cast [-Wint-conversion]
  regLow1=0x40040000;
         ^
../src/TCP_Pulse_Logger.c:25:10: warning: assignment makes pointer from integer without a cast [-Wint-conversion]
  regHigh1=0x40040000+8;
          ^
../src/TCP_Pulse_Logger.c:26:9: warning: assignment makes pointer from integer without a cast [-Wint-conversion]
  regLow2=0x40050000;
         ^
../src/TCP_Pulse_Logger.c:27:10: warning: assignment makes pointer from integer without a cast [-Wint-conversion]
  regHigh2=0x40050000+8;
          ^
../src/TCP_Pulse_Logger.c:28:9: warning: assignment makes pointer from integer without a cast [-Wint-conversion]
  regLow3=0x40020000;
         ^
../src/TCP_Pulse_Logger.c:29:10: warning: assignment makes pointer from integer without a cast [-Wint-conversion]
  regHigh3=0x40020000+8;
          ^
../src/TCP_Pulse_Logger.c:31:18: warning: assignment makes pointer from integer without a cast [-Wint-conversion]
  eventCounterLow0=0x40060000;
                  ^
../src/TCP_Pulse_Logger.c:32:19: warning: assignment makes pointer from integer without a cast [-Wint-conversion]
  eventCounterHigh0=0x40060000+8;
                   ^
../src/TCP_Pulse_Logger.c:33:18: warning: assignment makes pointer from integer without a cast [-Wint-conversion]
  eventCounterLow1=0x40090000;
                  ^
../src/TCP_Pulse_Logger.c:34:19: warning: assignment makes pointer from integer without a cast [-Wint-conversion]
  eventCounterHigh1=0x40090000+8;
                   ^
../src/TCP_Pulse_Logger.c:35:18: warning: assignment makes pointer from integer without a cast [-Wint-conversion]
  eventCounterLow2=0x40070000;
                  ^
../src/TCP_Pulse_Logger.c:36:19: warning: assignment makes pointer from integer without a cast [-Wint-conversion]
  eventCounterHigh2=0x40070000+8;
                   ^
../src/TCP_Pulse_Logger.c:37:18: warning: assignment makes pointer from integer without a cast [-Wint-conversion]
  eventCounterLow3=0x40080000;
                  ^
../src/TCP_Pulse_Logger.c:38:19: warning: assignment makes pointer from integer without a cast [-Wint-conversion]
  eventCounterHigh3=0x40080000+8;
                   ^
../src/TCP_Pulse_Logger.c:61:19: warning: assignment makes pointer from integer without a cast [-Wint-conversion]
  SRAM_WritePointer=0x81000000;
                   ^
../src/TCP_Pulse_Logger.c:62:18: warning: assignment makes pointer from integer without a cast [-Wint-conversion]
  SRAM_ReadPointer=0x81000000;
                  ^
../src/TCP_Pulse_Logger.c: In function 'reset_SRAM_writePointer':
../src/TCP_Pulse_Logger.c:75:19: warning: assignment makes pointer from integer without a cast [-Wint-conversion]
  SRAM_WritePointer=0x81000000;
                   ^
../src/TCP_Pulse_Logger.c: In function 'reset_SRAM_readPointer':
../src/TCP_Pulse_Logger.c:81:18: warning: assignment makes pointer from integer without a cast [-Wint-conversion]
  SRAM_ReadPointer=0x81000000;
                  ^
'Finished building: ../src/TCP_Pulse_Logger.c'
' '
'Building file: ../src/echo_modified.c'
'Invoking: MicroBlaze gcc compiler'
mb-gcc -Wall -O0 -g3 -c -fmessage-length=0 -MT"src/echo_modified.o" -I../../TCPServer_bsp/microblaze_0/include -mlittle-endian -mcpu=v11.0 -mxl-soft-mul -Wl,--no-relax -ffunction-sections -fdata-sections -MMD -MP -MF"src/echo_modified.d" -MT"src/echo_modified.o" -o "src/echo_modified.o" "../src/echo_modified.c"
'Finished building: ../src/echo_modified.c'
' '
'Building file: ../src/i2c_access.c'
'Invoking: MicroBlaze gcc compiler'
mb-gcc -Wall -O0 -g3 -c -fmessage-length=0 -MT"src/i2c_access.o" -I../../TCPServer_bsp/microblaze_0/include -mlittle-endian -mcpu=v11.0 -mxl-soft-mul -Wl,--no-relax -ffunction-sections -fdata-sections -MMD -MP -MF"src/i2c_access.d" -MT"src/i2c_access.o" -o "src/i2c_access.o" "../src/i2c_access.c"
'Finished building: ../src/i2c_access.c'
' '
'Building file: ../src/iic_phyreset.c'
'Invoking: MicroBlaze gcc compiler'
mb-gcc -Wall -O0 -g3 -c -fmessage-length=0 -MT"src/iic_phyreset.o" -I../../TCPServer_bsp/microblaze_0/include -mlittle-endian -mcpu=v11.0 -mxl-soft-mul -Wl,--no-relax -ffunction-sections -fdata-sections -MMD -MP -MF"src/iic_phyreset.d" -MT"src/iic_phyreset.o" -o "src/iic_phyreset.o" "../src/iic_phyreset.c"
'Finished building: ../src/iic_phyreset.c'
' '
'Building file: ../src/main_modified.c'
'Invoking: MicroBlaze gcc compiler'
mb-gcc -Wall -O0 -g3 -c -fmessage-length=0 -MT"src/main_modified.o" -I../../TCPServer_bsp/microblaze_0/include -mlittle-endian -mcpu=v11.0 -mxl-soft-mul -Wl,--no-relax -ffunction-sections -fdata-sections -MMD -MP -MF"src/main_modified.d" -MT"src/main_modified.o" -o "src/main_modified.o" "../src/main_modified.c"
'Finished building: ../src/main_modified.c'
' '
'Building file: ../src/platform.c'
'Invoking: MicroBlaze gcc compiler'
mb-gcc -Wall -O0 -g3 -c -fmessage-length=0 -MT"src/platform.o" -I../../TCPServer_bsp/microblaze_0/include -mlittle-endian -mcpu=v11.0 -mxl-soft-mul -Wl,--no-relax -ffunction-sections -fdata-sections -MMD -MP -MF"src/platform.d" -MT"src/platform.o" -o "src/platform.o" "../src/platform.c"
'Finished building: ../src/platform.c'
' '
'Building file: ../src/platform_mb.c'
'Invoking: MicroBlaze gcc compiler'
mb-gcc -Wall -O0 -g3 -c -fmessage-length=0 -MT"src/platform_mb.o" -I../../TCPServer_bsp/microblaze_0/include -mlittle-endian -mcpu=v11.0 -mxl-soft-mul -Wl,--no-relax -ffunction-sections -fdata-sections -MMD -MP -MF"src/platform_mb.d" -MT"src/platform_mb.o" -o "src/platform_mb.o" "../src/platform_mb.c"
'Finished building: ../src/platform_mb.c'
' '
'Building file: ../src/platform_ppc.c'
'Invoking: MicroBlaze gcc compiler'
mb-gcc -Wall -O0 -g3 -c -fmessage-length=0 -MT"src/platform_ppc.o" -I../../TCPServer_bsp/microblaze_0/include -mlittle-endian -mcpu=v11.0 -mxl-soft-mul -Wl,--no-relax -ffunction-sections -fdata-sections -MMD -MP -MF"src/platform_ppc.d" -MT"src/platform_ppc.o" -o "src/platform_ppc.o" "../src/platform_ppc.c"
'Finished building: ../src/platform_ppc.c'
' '
'Building file: ../src/platform_zynq.c'
'Invoking: MicroBlaze gcc compiler'
mb-gcc -Wall -O0 -g3 -c -fmessage-length=0 -MT"src/platform_zynq.o" -I../../TCPServer_bsp/microblaze_0/include -mlittle-endian -mcpu=v11.0 -mxl-soft-mul -Wl,--no-relax -ffunction-sections -fdata-sections -MMD -MP -MF"src/platform_zynq.d" -MT"src/platform_zynq.o" -o "src/platform_zynq.o" "../src/platform_zynq.c"
'Finished building: ../src/platform_zynq.c'
' '
'Building file: ../src/platform_zynqmp.c'
'Invoking: MicroBlaze gcc compiler'
mb-gcc -Wall -O0 -g3 -c -fmessage-length=0 -MT"src/platform_zynqmp.o" -I../../TCPServer_bsp/microblaze_0/include -mlittle-endian -mcpu=v11.0 -mxl-soft-mul -Wl,--no-relax -ffunction-sections -fdata-sections -MMD -MP -MF"src/platform_zynqmp.d" -MT"src/platform_zynqmp.o" -o "src/platform_zynqmp.o" "../src/platform_zynqmp.c"
'Finished building: ../src/platform_zynqmp.c'
' '
'Building file: ../src/sfp.c'
'Invoking: MicroBlaze gcc compiler'
mb-gcc -Wall -O0 -g3 -c -fmessage-length=0 -MT"src/sfp.o" -I../../TCPServer_bsp/microblaze_0/include -mlittle-endian -mcpu=v11.0 -mxl-soft-mul -Wl,--no-relax -ffunction-sections -fdata-sections -MMD -MP -MF"src/sfp.d" -MT"src/sfp.o" -o "src/sfp.o" "../src/sfp.c"
'Finished building: ../src/sfp.c'
' '
'Building file: ../src/si5324.c'
'Invoking: MicroBlaze gcc compiler'
mb-gcc -Wall -O0 -g3 -c -fmessage-length=0 -MT"src/si5324.o" -I../../TCPServer_bsp/microblaze_0/include -mlittle-endian -mcpu=v11.0 -mxl-soft-mul -Wl,--no-relax -ffunction-sections -fdata-sections -MMD -MP -MF"src/si5324.d" -MT"src/si5324.o" -o "src/si5324.o" "../src/si5324.c"
'Finished building: ../src/si5324.c'
' '
'Building target: TCPServer.elf'
'Invoking: MicroBlaze gcc linker'
mb-gcc -Wl,-T -Wl,../src/lscript.ld -L../../TCPServer_bsp/microblaze_0/lib -mlittle-endian -mcpu=v11.0 -mxl-soft-mul -Wl,--no-relax -Wl,--gc-sections -o "TCPServer.elf"  ./src/TCP_Pulse_Logger.o ./src/echo_modified.o ./src/i2c_access.o ./src/iic_phyreset.o ./src/main_modified.o ./src/platform.o ./src/platform_mb.o ./src/platform_ppc.o ./src/platform_zynq.o ./src/platform_zynqmp.o ./src/sfp.o ./src/si5324.o   -Wl,--start-group,-lxil,-lgcc,-lc,--end-group -Wl,--start-group,-lxil,-llwip4,-lgcc,-lc,--end-group
'Finished building target: TCPServer.elf'
' '
'Invoking: MicroBlaze Print Size'
mb-size TCPServer.elf  |tee "TCPServer.elf.size"
   text	   data	    bss	    dec	    hex	filename
 112424	   1432	 763536	 877392	  d6350	TCPServer.elf
'Finished building: TCPServer.elf.size'
' '
15:07:23 **** Build of project TCPServer_bsp ****
make -k all 
"Running Make include in microblaze_0/libsrc/bram_v4_2/src"
make -C microblaze_0/libsrc/bram_v4_2/src -s include  "SHELL=CMD" "COMPILER=mb-gcc" "ARCHIVER=mb-ar" "COMPILER_FLAGS=  -O2 -c -mcpu=v11.0 -mlittle-endian -mxl-soft-mul" "EXTRA_COMPILER_FLAGS=-ffunction-sections -fdata-sections -Wall -Wextra"
"Running Make include in microblaze_0/libsrc/cpu_v2_8/src"
make -C microblaze_0/libsrc/cpu_v2_8/src -s include  "SHELL=CMD" "COMPILER=mb-gcc" "ARCHIVER=mb-ar" "COMPILER_FLAGS=  -O2 -c -mcpu=v11.0 -mlittle-endian -mxl-soft-mul" "EXTRA_COMPILER_FLAGS=-ffunction-sections -fdata-sections -Wall -Wextra"
"Running Make include in microblaze_0/libsrc/emaclite_v4_3/src"
make -C microblaze_0/libsrc/emaclite_v4_3/src -s include  "SHELL=CMD" "COMPILER=mb-gcc" "ARCHIVER=mb-ar" "COMPILER_FLAGS=  -O2 -c -mcpu=v11.0 -mlittle-endian -mxl-soft-mul" "EXTRA_COMPILER_FLAGS=-ffunction-sections -fdata-sections -Wall -Wextra"
"Running Make include in microblaze_0/libsrc/gpio_v4_3/src"
make -C microblaze_0/libsrc/gpio_v4_3/src -s include  "SHELL=CMD" "COMPILER=mb-gcc" "ARCHIVER=mb-ar" "COMPILER_FLAGS=  -O2 -c -mcpu=v11.0 -mlittle-endian -mxl-soft-mul" "EXTRA_COMPILER_FLAGS=-ffunction-sections -fdata-sections -Wall -Wextra"
"Running Make include in microblaze_0/libsrc/intc_v3_8/src"
make -C microblaze_0/libsrc/intc_v3_8/src -s include  "SHELL=CMD" "COMPILER=mb-gcc" "ARCHIVER=mb-ar" "COMPILER_FLAGS=  -O2 -c -mcpu=v11.0 -mlittle-endian -mxl-soft-mul" "EXTRA_COMPILER_FLAGS=-ffunction-sections -fdata-sections -Wall -Wextra"
"Running Make include in microblaze_0/libsrc/lwip202_v1_2/src"
make -C microblaze_0/libsrc/lwip202_v1_2/src -s include  "SHELL=CMD" "COMPILER=mb-gcc" "ARCHIVER=mb-ar" "COMPILER_FLAGS=  -O2 -c -mcpu=v11.0 -mlittle-endian -mxl-soft-mul" "EXTRA_COMPILER_FLAGS=-ffunction-sections -fdata-sections -Wall -Wextra"
"Running Make include in microblaze_0/libsrc/standalone_v6_8/src"
make -C microblaze_0/libsrc/standalone_v6_8/src -s include  "SHELL=CMD" "COMPILER=mb-gcc" "ARCHIVER=mb-ar" "COMPILER_FLAGS=  -O2 -c -mcpu=v11.0 -mlittle-endian -mxl-soft-mul" "EXTRA_COMPILER_FLAGS=-ffunction-sections -fdata-sections -Wall -Wextra"
"Running Make include in microblaze_0/libsrc/tmrctr_v4_5/src"
make -C microblaze_0/libsrc/tmrctr_v4_5/src -s include  "SHELL=CMD" "COMPILER=mb-gcc" "ARCHIVER=mb-ar" "COMPILER_FLAGS=  -O2 -c -mcpu=v11.0 -mlittle-endian -mxl-soft-mul" "EXTRA_COMPILER_FLAGS=-ffunction-sections -fdata-sections -Wall -Wextra"
"Running Make include in microblaze_0/libsrc/uartlite_v3_2/src"
make -C microblaze_0/libsrc/uartlite_v3_2/src -s include  "SHELL=CMD" "COMPILER=mb-gcc" "ARCHIVER=mb-ar" "COMPILER_FLAGS=  -O2 -c -mcpu=v11.0 -mlittle-endian -mxl-soft-mul" "EXTRA_COMPILER_FLAGS=-ffunction-sections -fdata-sections -Wall -Wextra"
"Running Make libs in microblaze_0/libsrc/bram_v4_2/src"
make -C microblaze_0/libsrc/bram_v4_2/src -s libs  "SHELL=CMD" "COMPILER=mb-gcc" "ARCHIVER=mb-ar" "COMPILER_FLAGS=  -O2 -c -mcpu=v11.0 -mlittle-endian -mxl-soft-mul" "EXTRA_COMPILER_FLAGS=-ffunction-sections -fdata-sections -Wall -Wextra"
"Compiling bram"
"Running Make libs in microblaze_0/libsrc/cpu_v2_8/src"
make -C microblaze_0/libsrc/cpu_v2_8/src -s libs  "SHELL=CMD" "COMPILER=mb-gcc" "ARCHIVER=mb-ar" "COMPILER_FLAGS=  -O2 -c -mcpu=v11.0 -mlittle-endian -mxl-soft-mul" "EXTRA_COMPILER_FLAGS=-ffunction-sections -fdata-sections -Wall -Wextra"
"Compiling cpu"
"Running Make libs in microblaze_0/libsrc/emaclite_v4_3/src"
make -C microblaze_0/libsrc/emaclite_v4_3/src -s libs  "SHELL=CMD" "COMPILER=mb-gcc" "ARCHIVER=mb-ar" "COMPILER_FLAGS=  -O2 -c -mcpu=v11.0 -mlittle-endian -mxl-soft-mul" "EXTRA_COMPILER_FLAGS=-ffunction-sections -fdata-sections -Wall -Wextra"
"Compiling emaclite"
"Running Make libs in microblaze_0/libsrc/gpio_v4_3/src"
make -C microblaze_0/libsrc/gpio_v4_3/src -s libs  "SHELL=CMD" "COMPILER=mb-gcc" "ARCHIVER=mb-ar" "COMPILER_FLAGS=  -O2 -c -mcpu=v11.0 -mlittle-endian -mxl-soft-mul" "EXTRA_COMPILER_FLAGS=-ffunction-sections -fdata-sections -Wall -Wextra"
"Compiling gpio"
"Running Make libs in microblaze_0/libsrc/intc_v3_8/src"
make -C microblaze_0/libsrc/intc_v3_8/src -s libs  "SHELL=CMD" "COMPILER=mb-gcc" "ARCHIVER=mb-ar" "COMPILER_FLAGS=  -O2 -c -mcpu=v11.0 -mlittle-endian -mxl-soft-mul" "EXTRA_COMPILER_FLAGS=-ffunction-sections -fdata-sections -Wall -Wextra"
"Compiling intc"
"Running Make libs in microblaze_0/libsrc/lwip202_v1_2/src"
make -C microblaze_0/libsrc/lwip202_v1_2/src -s libs  "SHELL=CMD" "COMPILER=mb-gcc" "ARCHIVER=mb-ar" "COMPILER_FLAGS=  -O2 -c -mcpu=v11.0 -mlittle-endian -mxl-soft-mul" "EXTRA_COMPILER_FLAGS=-ffunction-sections -fdata-sections -Wall -Wextra"
"Compiling lwip src and adapter files"
"Running Make libs in microblaze_0/libsrc/standalone_v6_8/src"
make -C microblaze_0/libsrc/standalone_v6_8/src -s libs  "SHELL=CMD" "COMPILER=mb-gcc" "ARCHIVER=mb-ar" "COMPILER_FLAGS=  -O2 -c -mcpu=v11.0 -mlittle-endian -mxl-soft-mul" "EXTRA_COMPILER_FLAGS=-ffunction-sections -fdata-sections -Wall -Wextra"
"Compiling standalone";
microblaze_sleep.c:77:9: note: #pragma message: For the sleep routines, assembly instructions are used
 #pragma message ("For the sleep routines, assembly instructions are used")
         ^~~~~~~
"Running Make libs in microblaze_0/libsrc/tmrctr_v4_5/src"
make -C microblaze_0/libsrc/tmrctr_v4_5/src -s libs  "SHELL=CMD" "COMPILER=mb-gcc" "ARCHIVER=mb-ar" "COMPILER_FLAGS=  -O2 -c -mcpu=v11.0 -mlittle-endian -mxl-soft-mul" "EXTRA_COMPILER_FLAGS=-ffunction-sections -fdata-sections -Wall -Wextra"
"Compiling tmrctr"
"Running Make libs in microblaze_0/libsrc/uartlite_v3_2/src"
make -C microblaze_0/libsrc/uartlite_v3_2/src -s libs  "SHELL=CMD" "COMPILER=mb-gcc" "ARCHIVER=mb-ar" "COMPILER_FLAGS=  -O2 -c -mcpu=v11.0 -mlittle-endian -mxl-soft-mul" "EXTRA_COMPILER_FLAGS=-ffunction-sections -fdata-sections -Wall -Wextra"
"Compiling uartlite"
'Finished building libraries'
15:08:14 **** Build of configuration Debug for project TCPServer ****
make all 
'Building file: ../src/TCP_Pulse_Logger.c'
'Invoking: MicroBlaze gcc compiler'
mb-gcc -Wall -O0 -g3 -c -fmessage-length=0 -MT"src/TCP_Pulse_Logger.o" -I../../TCPServer_bsp/microblaze_0/include -mlittle-endian -mcpu=v11.0 -mxl-soft-mul -Wl,--no-relax -ffunction-sections -fdata-sections -MMD -MP -MF"src/TCP_Pulse_Logger.d" -MT"src/TCP_Pulse_Logger.o" -o "src/TCP_Pulse_Logger.o" "../src/TCP_Pulse_Logger.c"
../src/TCP_Pulse_Logger.c: In function 'TCP_pulseLog_init':
../src/TCP_Pulse_Logger.c:16:9: warning: assignment makes pointer from integer without a cast [-Wint-conversion]
  uC2FPGA=0x40000000;
         ^
../src/TCP_Pulse_Logger.c:17:9: warning: assignment makes pointer from integer without a cast [-Wint-conversion]
  FPGA2uC=0x40000000+8;
         ^
../src/TCP_Pulse_Logger.c:19:14: warning: assignment makes pointer from integer without a cast [-Wint-conversion]
  memAddr_read=0x40010000;
              ^
../src/TCP_Pulse_Logger.c:20:15: warning: assignment makes pointer from integer without a cast [-Wint-conversion]
  memAddr_write=0x40010000+8;
               ^
../src/TCP_Pulse_Logger.c:22:9: warning: assignment makes pointer from integer without a cast [-Wint-conversion]
  regLow0=0x40030000;
         ^
../src/TCP_Pulse_Logger.c:23:10: warning: assignment makes pointer from integer without a cast [-Wint-conversion]
  regHigh0=0x40030000+8;
          ^
../src/TCP_Pulse_Logger.c:24:9: warning: assignment makes pointer from integer without a cast [-Wint-conversion]
  regLow1=0x40040000;
         ^
../src/TCP_Pulse_Logger.c:25:10: warning: assignment makes pointer from integer without a cast [-Wint-conversion]
  regHigh1=0x40040000+8;
          ^
../src/TCP_Pulse_Logger.c:26:9: warning: assignment makes pointer from integer without a cast [-Wint-conversion]
  regLow2=0x40050000;
         ^
../src/TCP_Pulse_Logger.c:27:10: warning: assignment makes pointer from integer without a cast [-Wint-conversion]
  regHigh2=0x40050000+8;
          ^
../src/TCP_Pulse_Logger.c:28:9: warning: assignment makes pointer from integer without a cast [-Wint-conversion]
  regLow3=0x40020000;
         ^
../src/TCP_Pulse_Logger.c:29:10: warning: assignment makes pointer from integer without a cast [-Wint-conversion]
  regHigh3=0x40020000+8;
          ^
../src/TCP_Pulse_Logger.c:31:18: warning: assignment makes pointer from integer without a cast [-Wint-conversion]
  eventCounterLow0=0x40060000;
                  ^
../src/TCP_Pulse_Logger.c:32:19: warning: assignment makes pointer from integer without a cast [-Wint-conversion]
  eventCounterHigh0=0x40060000+8;
                   ^
../src/TCP_Pulse_Logger.c:33:18: warning: assignment makes pointer from integer without a cast [-Wint-conversion]
  eventCounterLow1=0x40090000;
                  ^
../src/TCP_Pulse_Logger.c:34:19: warning: assignment makes pointer from integer without a cast [-Wint-conversion]
  eventCounterHigh1=0x40090000+8;
                   ^
../src/TCP_Pulse_Logger.c:35:18: warning: assignment makes pointer from integer without a cast [-Wint-conversion]
  eventCounterLow2=0x40070000;
                  ^
../src/TCP_Pulse_Logger.c:36:19: warning: assignment makes pointer from integer without a cast [-Wint-conversion]
  eventCounterHigh2=0x40070000+8;
                   ^
../src/TCP_Pulse_Logger.c:37:18: warning: assignment makes pointer from integer without a cast [-Wint-conversion]
  eventCounterLow3=0x40080000;
                  ^
../src/TCP_Pulse_Logger.c:38:19: warning: assignment makes pointer from integer without a cast [-Wint-conversion]
  eventCounterHigh3=0x40080000+8;
                   ^
../src/TCP_Pulse_Logger.c:61:19: warning: assignment makes pointer from integer without a cast [-Wint-conversion]
  SRAM_WritePointer=0x81000000;
                   ^
../src/TCP_Pulse_Logger.c:62:18: warning: assignment makes pointer from integer without a cast [-Wint-conversion]
  SRAM_ReadPointer=0x81000000;
                  ^
../src/TCP_Pulse_Logger.c: In function 'reset_SRAM_writePointer':
../src/TCP_Pulse_Logger.c:75:19: warning: assignment makes pointer from integer without a cast [-Wint-conversion]
  SRAM_WritePointer=0x81000000;
                   ^
../src/TCP_Pulse_Logger.c: In function 'reset_SRAM_readPointer':
../src/TCP_Pulse_Logger.c:81:18: warning: assignment makes pointer from integer without a cast [-Wint-conversion]
  SRAM_ReadPointer=0x81000000;
                  ^
'Finished building: ../src/TCP_Pulse_Logger.c'
' '
'Building file: ../src/echo_modified.c'
'Invoking: MicroBlaze gcc compiler'
mb-gcc -Wall -O0 -g3 -c -fmessage-length=0 -MT"src/echo_modified.o" -I../../TCPServer_bsp/microblaze_0/include -mlittle-endian -mcpu=v11.0 -mxl-soft-mul -Wl,--no-relax -ffunction-sections -fdata-sections -MMD -MP -MF"src/echo_modified.d" -MT"src/echo_modified.o" -o "src/echo_modified.o" "../src/echo_modified.c"
'Finished building: ../src/echo_modified.c'
' '
'Building file: ../src/main_modified.c'
'Invoking: MicroBlaze gcc compiler'
mb-gcc -Wall -O0 -g3 -c -fmessage-length=0 -MT"src/main_modified.o" -I../../TCPServer_bsp/microblaze_0/include -mlittle-endian -mcpu=v11.0 -mxl-soft-mul -Wl,--no-relax -ffunction-sections -fdata-sections -MMD -MP -MF"src/main_modified.d" -MT"src/main_modified.o" -o "src/main_modified.o" "../src/main_modified.c"
'Finished building: ../src/main_modified.c'
' '
'Building file: ../src/platform.c'
'Invoking: MicroBlaze gcc compiler'
mb-gcc -Wall -O0 -g3 -c -fmessage-length=0 -MT"src/platform.o" -I../../TCPServer_bsp/microblaze_0/include -mlittle-endian -mcpu=v11.0 -mxl-soft-mul -Wl,--no-relax -ffunction-sections -fdata-sections -MMD -MP -MF"src/platform.d" -MT"src/platform.o" -o "src/platform.o" "../src/platform.c"
'Finished building: ../src/platform.c'
' '
'Building file: ../src/platform_mb.c'
'Invoking: MicroBlaze gcc compiler'
mb-gcc -Wall -O0 -g3 -c -fmessage-length=0 -MT"src/platform_mb.o" -I../../TCPServer_bsp/microblaze_0/include -mlittle-endian -mcpu=v11.0 -mxl-soft-mul -Wl,--no-relax -ffunction-sections -fdata-sections -MMD -MP -MF"src/platform_mb.d" -MT"src/platform_mb.o" -o "src/platform_mb.o" "../src/platform_mb.c"
'Finished building: ../src/platform_mb.c'
' '
'Building target: TCPServer.elf'
'Invoking: MicroBlaze gcc linker'
mb-gcc -Wl,-T -Wl,../src/lscript.ld -L../../TCPServer_bsp/microblaze_0/lib -mlittle-endian -mcpu=v11.0 -mxl-soft-mul -Wl,--no-relax -Wl,--gc-sections -o "TCPServer.elf"  ./src/TCP_Pulse_Logger.o ./src/echo_modified.o ./src/i2c_access.o ./src/iic_phyreset.o ./src/main_modified.o ./src/platform.o ./src/platform_mb.o ./src/platform_ppc.o ./src/platform_zynq.o ./src/platform_zynqmp.o ./src/sfp.o ./src/si5324.o   -Wl,--start-group,-lxil,-lgcc,-lc,--end-group -Wl,--start-group,-lxil,-llwip4,-lgcc,-lc,--end-group
'Finished building target: TCPServer.elf'
' '
'Invoking: MicroBlaze Print Size'
mb-size TCPServer.elf  |tee "TCPServer.elf.size"
   text	   data	    bss	    dec	    hex	filename
 112424	   1432	 763536	 877392	  d6350	TCPServer.elf
'Finished building: TCPServer.elf.size'
' '
15:08:18 **** Build of project test_bsp ****
make -k all 
"Running Make include in microblaze_0/libsrc/bram_v4_2/src"
make -C microblaze_0/libsrc/bram_v4_2/src -s include  "SHELL=CMD" "COMPILER=mb-gcc" "ARCHIVER=mb-ar" "COMPILER_FLAGS=  -O2 -c -mcpu=v11.0 -mlittle-endian -mxl-soft-mul" "EXTRA_COMPILER_FLAGS=-ffunction-sections -fdata-sections -Wall -Wextra"
"Running Make include in microblaze_0/libsrc/cpu_v2_8/src"
make -C microblaze_0/libsrc/cpu_v2_8/src -s include  "SHELL=CMD" "COMPILER=mb-gcc" "ARCHIVER=mb-ar" "COMPILER_FLAGS=  -O2 -c -mcpu=v11.0 -mlittle-endian -mxl-soft-mul" "EXTRA_COMPILER_FLAGS=-ffunction-sections -fdata-sections -Wall -Wextra"
"Running Make include in microblaze_0/libsrc/emaclite_v4_3/src"
make -C microblaze_0/libsrc/emaclite_v4_3/src -s include  "SHELL=CMD" "COMPILER=mb-gcc" "ARCHIVER=mb-ar" "COMPILER_FLAGS=  -O2 -c -mcpu=v11.0 -mlittle-endian -mxl-soft-mul" "EXTRA_COMPILER_FLAGS=-ffunction-sections -fdata-sections -Wall -Wextra"
"Running Make include in microblaze_0/libsrc/gpio_v4_3/src"
make -C microblaze_0/libsrc/gpio_v4_3/src -s include  "SHELL=CMD" "COMPILER=mb-gcc" "ARCHIVER=mb-ar" "COMPILER_FLAGS=  -O2 -c -mcpu=v11.0 -mlittle-endian -mxl-soft-mul" "EXTRA_COMPILER_FLAGS=-ffunction-sections -fdata-sections -Wall -Wextra"
"Running Make include in microblaze_0/libsrc/intc_v3_8/src"
make -C microblaze_0/libsrc/intc_v3_8/src -s include  "SHELL=CMD" "COMPILER=mb-gcc" "ARCHIVER=mb-ar" "COMPILER_FLAGS=  -O2 -c -mcpu=v11.0 -mlittle-endian -mxl-soft-mul" "EXTRA_COMPILER_FLAGS=-ffunction-sections -fdata-sections -Wall -Wextra"
"Running Make include in microblaze_0/libsrc/lwip202_v1_2/src"
make -C microblaze_0/libsrc/lwip202_v1_2/src -s include  "SHELL=CMD" "COMPILER=mb-gcc" "ARCHIVER=mb-ar" "COMPILER_FLAGS=  -O2 -c -mcpu=v11.0 -mlittle-endian -mxl-soft-mul" "EXTRA_COMPILER_FLAGS=-ffunction-sections -fdata-sections -Wall -Wextra"
"Running Make include in microblaze_0/libsrc/standalone_v6_8/src"
make -C microblaze_0/libsrc/standalone_v6_8/src -s include  "SHELL=CMD" "COMPILER=mb-gcc" "ARCHIVER=mb-ar" "COMPILER_FLAGS=  -O2 -c -mcpu=v11.0 -mlittle-endian -mxl-soft-mul" "EXTRA_COMPILER_FLAGS=-ffunction-sections -fdata-sections -Wall -Wextra"
"Running Make include in microblaze_0/libsrc/tmrctr_v4_5/src"
make -C microblaze_0/libsrc/tmrctr_v4_5/src -s include  "SHELL=CMD" "COMPILER=mb-gcc" "ARCHIVER=mb-ar" "COMPILER_FLAGS=  -O2 -c -mcpu=v11.0 -mlittle-endian -mxl-soft-mul" "EXTRA_COMPILER_FLAGS=-ffunction-sections -fdata-sections -Wall -Wextra"
"Running Make include in microblaze_0/libsrc/uartlite_v3_2/src"
make -C microblaze_0/libsrc/uartlite_v3_2/src -s include  "SHELL=CMD" "COMPILER=mb-gcc" "ARCHIVER=mb-ar" "COMPILER_FLAGS=  -O2 -c -mcpu=v11.0 -mlittle-endian -mxl-soft-mul" "EXTRA_COMPILER_FLAGS=-ffunction-sections -fdata-sections -Wall -Wextra"
"Running Make libs in microblaze_0/libsrc/bram_v4_2/src"
make -C microblaze_0/libsrc/bram_v4_2/src -s libs  "SHELL=CMD" "COMPILER=mb-gcc" "ARCHIVER=mb-ar" "COMPILER_FLAGS=  -O2 -c -mcpu=v11.0 -mlittle-endian -mxl-soft-mul" "EXTRA_COMPILER_FLAGS=-ffunction-sections -fdata-sections -Wall -Wextra"
"Compiling bram"
"Running Make libs in microblaze_0/libsrc/cpu_v2_8/src"
make -C microblaze_0/libsrc/cpu_v2_8/src -s libs  "SHELL=CMD" "COMPILER=mb-gcc" "ARCHIVER=mb-ar" "COMPILER_FLAGS=  -O2 -c -mcpu=v11.0 -mlittle-endian -mxl-soft-mul" "EXTRA_COMPILER_FLAGS=-ffunction-sections -fdata-sections -Wall -Wextra"
"Compiling cpu"
"Running Make libs in microblaze_0/libsrc/emaclite_v4_3/src"
make -C microblaze_0/libsrc/emaclite_v4_3/src -s libs  "SHELL=CMD" "COMPILER=mb-gcc" "ARCHIVER=mb-ar" "COMPILER_FLAGS=  -O2 -c -mcpu=v11.0 -mlittle-endian -mxl-soft-mul" "EXTRA_COMPILER_FLAGS=-ffunction-sections -fdata-sections -Wall -Wextra"
"Compiling emaclite"
"Running Make libs in microblaze_0/libsrc/gpio_v4_3/src"
make -C microblaze_0/libsrc/gpio_v4_3/src -s libs  "SHELL=CMD" "COMPILER=mb-gcc" "ARCHIVER=mb-ar" "COMPILER_FLAGS=  -O2 -c -mcpu=v11.0 -mlittle-endian -mxl-soft-mul" "EXTRA_COMPILER_FLAGS=-ffunction-sections -fdata-sections -Wall -Wextra"
"Compiling gpio"
"Running Make libs in microblaze_0/libsrc/intc_v3_8/src"
make -C microblaze_0/libsrc/intc_v3_8/src -s libs  "SHELL=CMD" "COMPILER=mb-gcc" "ARCHIVER=mb-ar" "COMPILER_FLAGS=  -O2 -c -mcpu=v11.0 -mlittle-endian -mxl-soft-mul" "EXTRA_COMPILER_FLAGS=-ffunction-sections -fdata-sections -Wall -Wextra"
"Compiling intc"
"Running Make libs in microblaze_0/libsrc/lwip202_v1_2/src"
make -C microblaze_0/libsrc/lwip202_v1_2/src -s libs  "SHELL=CMD" "COMPILER=mb-gcc" "ARCHIVER=mb-ar" "COMPILER_FLAGS=  -O2 -c -mcpu=v11.0 -mlittle-endian -mxl-soft-mul" "EXTRA_COMPILER_FLAGS=-ffunction-sections -fdata-sections -Wall -Wextra"
"Compiling lwip src and adapter files"
"Running Make libs in microblaze_0/libsrc/standalone_v6_8/src"
make -C microblaze_0/libsrc/standalone_v6_8/src -s libs  "SHELL=CMD" "COMPILER=mb-gcc" "ARCHIVER=mb-ar" "COMPILER_FLAGS=  -O2 -c -mcpu=v11.0 -mlittle-endian -mxl-soft-mul" "EXTRA_COMPILER_FLAGS=-ffunction-sections -fdata-sections -Wall -Wextra"
"Compiling standalone";
microblaze_sleep.c:77:9: note: #pragma message: For the sleep routines, assembly instructions are used
 #pragma message ("For the sleep routines, assembly instructions are used")
         ^~~~~~~
"Running Make libs in microblaze_0/libsrc/tmrctr_v4_5/src"
make -C microblaze_0/libsrc/tmrctr_v4_5/src -s libs  "SHELL=CMD" "COMPILER=mb-gcc" "ARCHIVER=mb-ar" "COMPILER_FLAGS=  -O2 -c -mcpu=v11.0 -mlittle-endian -mxl-soft-mul" "EXTRA_COMPILER_FLAGS=-ffunction-sections -fdata-sections -Wall -Wextra"
"Compiling tmrctr"
"Running Make libs in microblaze_0/libsrc/uartlite_v3_2/src"
make -C microblaze_0/libsrc/uartlite_v3_2/src -s libs  "SHELL=CMD" "COMPILER=mb-gcc" "ARCHIVER=mb-ar" "COMPILER_FLAGS=  -O2 -c -mcpu=v11.0 -mlittle-endian -mxl-soft-mul" "EXTRA_COMPILER_FLAGS=-ffunction-sections -fdata-sections -Wall -Wextra"
"Compiling uartlite"
'Finished building libraries'
15:09:12 **** Incremental Build of configuration Debug for project TCPServer ****
make all 
make: Nothing to be done for 'all'.
15:11:45 **** Auto Build of configuration Debug for project TCPServer ****
make all 
'Building file: ../src/main_modified.c'
'Invoking: MicroBlaze gcc compiler'
mb-gcc -Wall -O0 -g3 -c -fmessage-length=0 -MT"src/main_modified.o" -I../../TCPServer_bsp/microblaze_0/include -mlittle-endian -mcpu=v11.0 -mxl-soft-mul -Wl,--no-relax -ffunction-sections -fdata-sections -MMD -MP -MF"src/main_modified.d" -MT"src/main_modified.o" -o "src/main_modified.o" "../src/main_modified.c"
'Finished building: ../src/main_modified.c'
' '
'Building target: TCPServer.elf'
'Invoking: MicroBlaze gcc linker'
mb-gcc -Wl,-T -Wl,../src/lscript.ld -L../../TCPServer_bsp/microblaze_0/lib -mlittle-endian -mcpu=v11.0 -mxl-soft-mul -Wl,--no-relax -Wl,--gc-sections -o "TCPServer.elf"  ./src/TCP_Pulse_Logger.o ./src/echo_modified.o ./src/i2c_access.o ./src/iic_phyreset.o ./src/main_modified.o ./src/platform.o ./src/platform_mb.o ./src/platform_ppc.o ./src/platform_zynq.o ./src/platform_zynqmp.o ./src/sfp.o ./src/si5324.o   -Wl,--start-group,-lxil,-lgcc,-lc,--end-group -Wl,--start-group,-lxil,-llwip4,-lgcc,-lc,--end-group
'Finished building target: TCPServer.elf'
' '
'Invoking: MicroBlaze Print Size'
mb-size TCPServer.elf  |tee "TCPServer.elf.size"
   text	   data	    bss	    dec	    hex	filename
 112412	   1432	 763540	 877384	  d6348	TCPServer.elf
'Finished building: TCPServer.elf.size'
' '
15:12:08 **** Incremental Build of configuration Debug for project TCPServer ****
make all 
make: Nothing to be done for 'all'.
15:21:33 **** Auto Build of configuration Debug for project TCPServer ****
make all 
'Building file: ../src/TCP_Pulse_Logger.c'
'Invoking: MicroBlaze gcc compiler'
mb-gcc -Wall -O0 -g3 -c -fmessage-length=0 -MT"src/TCP_Pulse_Logger.o" -I../../TCPServer_bsp/microblaze_0/include -mlittle-endian -mcpu=v11.0 -mxl-soft-mul -Wl,--no-relax -ffunction-sections -fdata-sections -MMD -MP -MF"src/TCP_Pulse_Logger.d" -MT"src/TCP_Pulse_Logger.o" -o "src/TCP_Pulse_Logger.o" "../src/TCP_Pulse_Logger.c"
../src/TCP_Pulse_Logger.c: In function 'TCP_pulseLog_init':
../src/TCP_Pulse_Logger.c:16:9: warning: assignment makes pointer from integer without a cast [-Wint-conversion]
  uC2FPGA=0x40000000;
         ^
../src/TCP_Pulse_Logger.c:17:9: warning: assignment makes pointer from integer without a cast [-Wint-conversion]
  FPGA2uC=0x40000000+8;
         ^
../src/TCP_Pulse_Logger.c:19:14: warning: assignment makes pointer from integer without a cast [-Wint-conversion]
  memAddr_read=0x40010000;
              ^
../src/TCP_Pulse_Logger.c:20:15: warning: assignment makes pointer from integer without a cast [-Wint-conversion]
  memAddr_write=0x40010000+8;
               ^
../src/TCP_Pulse_Logger.c:22:9: warning: assignment makes pointer from integer without a cast [-Wint-conversion]
  regLow0=0x40030000;
         ^
../src/TCP_Pulse_Logger.c:23:10: warning: assignment makes pointer from integer without a cast [-Wint-conversion]
  regHigh0=0x40030000+8;
          ^
../src/TCP_Pulse_Logger.c:24:9: warning: assignment makes pointer from integer without a cast [-Wint-conversion]
  regLow1=0x40040000;
         ^
../src/TCP_Pulse_Logger.c:25:10: warning: assignment makes pointer from integer without a cast [-Wint-conversion]
  regHigh1=0x40040000+8;
          ^
../src/TCP_Pulse_Logger.c:26:9: warning: assignment makes pointer from integer without a cast [-Wint-conversion]
  regLow2=0x40050000;
         ^
../src/TCP_Pulse_Logger.c:27:10: warning: assignment makes pointer from integer without a cast [-Wint-conversion]
  regHigh2=0x40050000+8;
          ^
../src/TCP_Pulse_Logger.c:28:9: warning: assignment makes pointer from integer without a cast [-Wint-conversion]
  regLow3=0x40020000;
         ^
../src/TCP_Pulse_Logger.c:29:10: warning: assignment makes pointer from integer without a cast [-Wint-conversion]
  regHigh3=0x40020000+8;
          ^
../src/TCP_Pulse_Logger.c:31:18: warning: assignment makes pointer from integer without a cast [-Wint-conversion]
  eventCounterLow0=0x40060000;
                  ^
../src/TCP_Pulse_Logger.c:32:19: warning: assignment makes pointer from integer without a cast [-Wint-conversion]
  eventCounterHigh0=0x40060000+8;
                   ^
../src/TCP_Pulse_Logger.c:33:18: warning: assignment makes pointer from integer without a cast [-Wint-conversion]
  eventCounterLow1=0x40090000;
                  ^
../src/TCP_Pulse_Logger.c:34:19: warning: assignment makes pointer from integer without a cast [-Wint-conversion]
  eventCounterHigh1=0x40090000+8;
                   ^
../src/TCP_Pulse_Logger.c:35:18: warning: assignment makes pointer from integer without a cast [-Wint-conversion]
  eventCounterLow2=0x40070000;
                  ^
../src/TCP_Pulse_Logger.c:36:19: warning: assignment makes pointer from integer without a cast [-Wint-conversion]
  eventCounterHigh2=0x40070000+8;
                   ^
../src/TCP_Pulse_Logger.c:37:18: warning: assignment makes pointer from integer without a cast [-Wint-conversion]
  eventCounterLow3=0x40080000;
                  ^
../src/TCP_Pulse_Logger.c:38:19: warning: assignment makes pointer from integer without a cast [-Wint-conversion]
  eventCounterHigh3=0x40080000+8;
                   ^
../src/TCP_Pulse_Logger.c:61:19: warning: assignment makes pointer from integer without a cast [-Wint-conversion]
  SRAM_WritePointer=0x81000000;
                   ^
../src/TCP_Pulse_Logger.c:62:18: warning: assignment makes pointer from integer without a cast [-Wint-conversion]
  SRAM_ReadPointer=0x81000000;
                  ^
../src/TCP_Pulse_Logger.c: In function 'reset_SRAM_writePointer':
../src/TCP_Pulse_Logger.c:75:19: warning: assignment makes pointer from integer without a cast [-Wint-conversion]
  SRAM_WritePointer=0x81000000;
                   ^
../src/TCP_Pulse_Logger.c: In function 'reset_SRAM_readPointer':
../src/TCP_Pulse_Logger.c:81:18: warning: assignment makes pointer from integer without a cast [-Wint-conversion]
  SRAM_ReadPointer=0x81000000;
                  ^
'Finished building: ../src/TCP_Pulse_Logger.c'
' '
'Building target: TCPServer.elf'
'Invoking: MicroBlaze gcc linker'
mb-gcc -Wl,-T -Wl,../src/lscript.ld -L../../TCPServer_bsp/microblaze_0/lib -mlittle-endian -mcpu=v11.0 -mxl-soft-mul -Wl,--no-relax -Wl,--gc-sections -o "TCPServer.elf"  ./src/TCP_Pulse_Logger.o ./src/echo_modified.o ./src/i2c_access.o ./src/iic_phyreset.o ./src/main_modified.o ./src/platform.o ./src/platform_mb.o ./src/platform_ppc.o ./src/platform_zynq.o ./src/platform_zynqmp.o ./src/sfp.o ./src/si5324.o   -Wl,--start-group,-lxil,-lgcc,-lc,--end-group -Wl,--start-group,-lxil,-llwip4,-lgcc,-lc,--end-group
'Finished building target: TCPServer.elf'
' '
'Invoking: MicroBlaze Print Size'
mb-size TCPServer.elf  |tee "TCPServer.elf.size"
   text	   data	    bss	    dec	    hex	filename
 112316	   1432	 763540	 877288	  d62e8	TCPServer.elf
'Finished building: TCPServer.elf.size'
' '
15:22:11 **** Incremental Build of configuration Debug for project TCPServer ****
make all 
make: Nothing to be done for 'all'.
11:46:11 **** Incremental Build of configuration Debug for project TCPServer ****
make all 
make: Nothing to be done for 'all'.
11:46:14 **** Auto Build of project test_bsp ****
make -k all 
make: *** No rule to make target 'all'.
11:46:49 **** Auto Build of project test_bsp ****
make -k all 
make: *** No rule to make target 'all'.
11:47:08 **** Auto Build of project TCPServer_bsp ****
make -k all 
"Running Make include in microblaze_0/libsrc/bram_v4_2/src"
make -C microblaze_0/libsrc/bram_v4_2/src -s include  "SHELL=CMD" "COMPILER=mb-gcc" "ARCHIVER=mb-ar" "COMPILER_FLAGS=  -O2 -c -mcpu=v11.0 -mlittle-endian -mxl-soft-mul" "EXTRA_COMPILER_FLAGS=-ffunction-sections -fdata-sections -Wall -Wextra"
"Running Make include in microblaze_0/libsrc/cpu_v2_8/src"
make -C microblaze_0/libsrc/cpu_v2_8/src -s include  "SHELL=CMD" "COMPILER=mb-gcc" "ARCHIVER=mb-ar" "COMPILER_FLAGS=  -O2 -c -mcpu=v11.0 -mlittle-endian -mxl-soft-mul" "EXTRA_COMPILER_FLAGS=-ffunction-sections -fdata-sections -Wall -Wextra"
"Running Make include in microblaze_0/libsrc/emaclite_v4_3/src"
make -C microblaze_0/libsrc/emaclite_v4_3/src -s include  "SHELL=CMD" "COMPILER=mb-gcc" "ARCHIVER=mb-ar" "COMPILER_FLAGS=  -O2 -c -mcpu=v11.0 -mlittle-endian -mxl-soft-mul" "EXTRA_COMPILER_FLAGS=-ffunction-sections -fdata-sections -Wall -Wextra"
"Running Make include in microblaze_0/libsrc/gpio_v4_3/src"
make -C microblaze_0/libsrc/gpio_v4_3/src -s include  "SHELL=CMD" "COMPILER=mb-gcc" "ARCHIVER=mb-ar" "COMPILER_FLAGS=  -O2 -c -mcpu=v11.0 -mlittle-endian -mxl-soft-mul" "EXTRA_COMPILER_FLAGS=-ffunction-sections -fdata-sections -Wall -Wextra"
"Running Make include in microblaze_0/libsrc/intc_v3_8/src"
make -C microblaze_0/libsrc/intc_v3_8/src -s include  "SHELL=CMD" "COMPILER=mb-gcc" "ARCHIVER=mb-ar" "COMPILER_FLAGS=  -O2 -c -mcpu=v11.0 -mlittle-endian -mxl-soft-mul" "EXTRA_COMPILER_FLAGS=-ffunction-sections -fdata-sections -Wall -Wextra"
"Running Make include in microblaze_0/libsrc/lwip202_v1_2/src"
make -C microblaze_0/libsrc/lwip202_v1_2/src -s include  "SHELL=CMD" "COMPILER=mb-gcc" "ARCHIVER=mb-ar" "COMPILER_FLAGS=  -O2 -c -mcpu=v11.0 -mlittle-endian -mxl-soft-mul" "EXTRA_COMPILER_FLAGS=-ffunction-sections -fdata-sections -Wall -Wextra"
"Running Make include in microblaze_0/libsrc/standalone_v6_8/src"
make -C microblaze_0/libsrc/standalone_v6_8/src -s include  "SHELL=CMD" "COMPILER=mb-gcc" "ARCHIVER=mb-ar" "COMPILER_FLAGS=  -O2 -c -mcpu=v11.0 -mlittle-endian -mxl-soft-mul" "EXTRA_COMPILER_FLAGS=-ffunction-sections -fdata-sections -Wall -Wextra"
"Running Make include in microblaze_0/libsrc/tmrctr_v4_5/src"
make -C microblaze_0/libsrc/tmrctr_v4_5/src -s include  "SHELL=CMD" "COMPILER=mb-gcc" "ARCHIVER=mb-ar" "COMPILER_FLAGS=  -O2 -c -mcpu=v11.0 -mlittle-endian -mxl-soft-mul" "EXTRA_COMPILER_FLAGS=-ffunction-sections -fdata-sections -Wall -Wextra"
"Running Make include in microblaze_0/libsrc/uartlite_v3_2/src"
make -C microblaze_0/libsrc/uartlite_v3_2/src -s include  "SHELL=CMD" "COMPILER=mb-gcc" "ARCHIVER=mb-ar" "COMPILER_FLAGS=  -O2 -c -mcpu=v11.0 -mlittle-endian -mxl-soft-mul" "EXTRA_COMPILER_FLAGS=-ffunction-sections -fdata-sections -Wall -Wextra"
"Running Make libs in microblaze_0/libsrc/bram_v4_2/src"
make -C microblaze_0/libsrc/bram_v4_2/src -s libs  "SHELL=CMD" "COMPILER=mb-gcc" "ARCHIVER=mb-ar" "COMPILER_FLAGS=  -O2 -c -mcpu=v11.0 -mlittle-endian -mxl-soft-mul" "EXTRA_COMPILER_FLAGS=-ffunction-sections -fdata-sections -Wall -Wextra"
"Compiling bram"
"Running Make libs in microblaze_0/libsrc/cpu_v2_8/src"
make -C microblaze_0/libsrc/cpu_v2_8/src -s libs  "SHELL=CMD" "COMPILER=mb-gcc" "ARCHIVER=mb-ar" "COMPILER_FLAGS=  -O2 -c -mcpu=v11.0 -mlittle-endian -mxl-soft-mul" "EXTRA_COMPILER_FLAGS=-ffunction-sections -fdata-sections -Wall -Wextra"
"Compiling cpu"
"Running Make libs in microblaze_0/libsrc/emaclite_v4_3/src"
make -C microblaze_0/libsrc/emaclite_v4_3/src -s libs  "SHELL=CMD" "COMPILER=mb-gcc" "ARCHIVER=mb-ar" "COMPILER_FLAGS=  -O2 -c -mcpu=v11.0 -mlittle-endian -mxl-soft-mul" "EXTRA_COMPILER_FLAGS=-ffunction-sections -fdata-sections -Wall -Wextra"
"Compiling emaclite"
"Running Make libs in microblaze_0/libsrc/gpio_v4_3/src"
make -C microblaze_0/libsrc/gpio_v4_3/src -s libs  "SHELL=CMD" "COMPILER=mb-gcc" "ARCHIVER=mb-ar" "COMPILER_FLAGS=  -O2 -c -mcpu=v11.0 -mlittle-endian -mxl-soft-mul" "EXTRA_COMPILER_FLAGS=-ffunction-sections -fdata-sections -Wall -Wextra"
"Compiling gpio"
"Running Make libs in microblaze_0/libsrc/intc_v3_8/src"
make -C microblaze_0/libsrc/intc_v3_8/src -s libs  "SHELL=CMD" "COMPILER=mb-gcc" "ARCHIVER=mb-ar" "COMPILER_FLAGS=  -O2 -c -mcpu=v11.0 -mlittle-endian -mxl-soft-mul" "EXTRA_COMPILER_FLAGS=-ffunction-sections -fdata-sections -Wall -Wextra"
"Compiling intc"
"Running Make libs in microblaze_0/libsrc/lwip202_v1_2/src"
make -C microblaze_0/libsrc/lwip202_v1_2/src -s libs  "SHELL=CMD" "COMPILER=mb-gcc" "ARCHIVER=mb-ar" "COMPILER_FLAGS=  -O2 -c -mcpu=v11.0 -mlittle-endian -mxl-soft-mul" "EXTRA_COMPILER_FLAGS=-ffunction-sections -fdata-sections -Wall -Wextra"
"Compiling lwip src and adapter files"
"Running Make libs in microblaze_0/libsrc/standalone_v6_8/src"
make -C microblaze_0/libsrc/standalone_v6_8/src -s libs  "SHELL=CMD" "COMPILER=mb-gcc" "ARCHIVER=mb-ar" "COMPILER_FLAGS=  -O2 -c -mcpu=v11.0 -mlittle-endian -mxl-soft-mul" "EXTRA_COMPILER_FLAGS=-ffunction-sections -fdata-sections -Wall -Wextra"
"Compiling standalone";
microblaze_sleep.c:77:9: note: #pragma message: For the sleep routines, assembly instructions are used
 #pragma message ("For the sleep routines, assembly instructions are used")
         ^~~~~~~
"Running Make libs in microblaze_0/libsrc/tmrctr_v4_5/src"
make -C microblaze_0/libsrc/tmrctr_v4_5/src -s libs  "SHELL=CMD" "COMPILER=mb-gcc" "ARCHIVER=mb-ar" "COMPILER_FLAGS=  -O2 -c -mcpu=v11.0 -mlittle-endian -mxl-soft-mul" "EXTRA_COMPILER_FLAGS=-ffunction-sections -fdata-sections -Wall -Wextra"
"Compiling tmrctr"
"Running Make libs in microblaze_0/libsrc/uartlite_v3_2/src"
make -C microblaze_0/libsrc/uartlite_v3_2/src -s libs  "SHELL=CMD" "COMPILER=mb-gcc" "ARCHIVER=mb-ar" "COMPILER_FLAGS=  -O2 -c -mcpu=v11.0 -mlittle-endian -mxl-soft-mul" "EXTRA_COMPILER_FLAGS=-ffunction-sections -fdata-sections -Wall -Wextra"
"Compiling uartlite"
'Finished building libraries'
11:48:04 **** Auto Build of configuration Debug for project TCPServer ****
make all 
'Building file: ../src/TCP_Pulse_Logger.c'
'Invoking: MicroBlaze gcc compiler'
mb-gcc -Wall -O0 -g3 -c -fmessage-length=0 -MT"src/TCP_Pulse_Logger.o" -I../../TCPServer_bsp/microblaze_0/include -mlittle-endian -mcpu=v11.0 -mxl-soft-mul -Wl,--no-relax -ffunction-sections -fdata-sections -MMD -MP -MF"src/TCP_Pulse_Logger.d" -MT"src/TCP_Pulse_Logger.o" -o "src/TCP_Pulse_Logger.o" "../src/TCP_Pulse_Logger.c"
../src/TCP_Pulse_Logger.c: In function 'TCP_pulseLog_init':
../src/TCP_Pulse_Logger.c:16:9: warning: assignment makes pointer from integer without a cast [-Wint-conversion]
  uC2FPGA=0x40000000;
         ^
../src/TCP_Pulse_Logger.c:17:9: warning: assignment makes pointer from integer without a cast [-Wint-conversion]
  FPGA2uC=0x40000000+8;
         ^
../src/TCP_Pulse_Logger.c:19:14: warning: assignment makes pointer from integer without a cast [-Wint-conversion]
  memAddr_read=0x40010000;
              ^
../src/TCP_Pulse_Logger.c:20:15: warning: assignment makes pointer from integer without a cast [-Wint-conversion]
  memAddr_write=0x40010000+8;
               ^
../src/TCP_Pulse_Logger.c:22:9: warning: assignment makes pointer from integer without a cast [-Wint-conversion]
  regLow0=0x40030000;
         ^
../src/TCP_Pulse_Logger.c:23:10: warning: assignment makes pointer from integer without a cast [-Wint-conversion]
  regHigh0=0x40030000+8;
          ^
../src/TCP_Pulse_Logger.c:24:9: warning: assignment makes pointer from integer without a cast [-Wint-conversion]
  regLow1=0x40040000;
         ^
../src/TCP_Pulse_Logger.c:25:10: warning: assignment makes pointer from integer without a cast [-Wint-conversion]
  regHigh1=0x40040000+8;
          ^
../src/TCP_Pulse_Logger.c:26:9: warning: assignment makes pointer from integer without a cast [-Wint-conversion]
  regLow2=0x40050000;
         ^
../src/TCP_Pulse_Logger.c:27:10: warning: assignment makes pointer from integer without a cast [-Wint-conversion]
  regHigh2=0x40050000+8;
          ^
../src/TCP_Pulse_Logger.c:28:9: warning: assignment makes pointer from integer without a cast [-Wint-conversion]
  regLow3=0x40020000;
         ^
../src/TCP_Pulse_Logger.c:29:10: warning: assignment makes pointer from integer without a cast [-Wint-conversion]
  regHigh3=0x40020000+8;
          ^
../src/TCP_Pulse_Logger.c:31:18: warning: assignment makes pointer from integer without a cast [-Wint-conversion]
  eventCounterLow0=0x40060000;
                  ^
../src/TCP_Pulse_Logger.c:32:19: warning: assignment makes pointer from integer without a cast [-Wint-conversion]
  eventCounterHigh0=0x40060000+8;
                   ^
../src/TCP_Pulse_Logger.c:33:18: warning: assignment makes pointer from integer without a cast [-Wint-conversion]
  eventCounterLow1=0x40090000;
                  ^
../src/TCP_Pulse_Logger.c:34:19: warning: assignment makes pointer from integer without a cast [-Wint-conversion]
  eventCounterHigh1=0x40090000+8;
                   ^
../src/TCP_Pulse_Logger.c:35:18: warning: assignment makes pointer from integer without a cast [-Wint-conversion]
  eventCounterLow2=0x40070000;
                  ^
../src/TCP_Pulse_Logger.c:36:19: warning: assignment makes pointer from integer without a cast [-Wint-conversion]
  eventCounterHigh2=0x40070000+8;
                   ^
../src/TCP_Pulse_Logger.c:37:18: warning: assignment makes pointer from integer without a cast [-Wint-conversion]
  eventCounterLow3=0x40080000;
                  ^
../src/TCP_Pulse_Logger.c:38:19: warning: assignment makes pointer from integer without a cast [-Wint-conversion]
  eventCounterHigh3=0x40080000+8;
                   ^
../src/TCP_Pulse_Logger.c:61:19: warning: assignment makes pointer from integer without a cast [-Wint-conversion]
  SRAM_WritePointer=0x81000000;
                   ^
../src/TCP_Pulse_Logger.c:62:18: warning: assignment makes pointer from integer without a cast [-Wint-conversion]
  SRAM_ReadPointer=0x81000000;
                  ^
../src/TCP_Pulse_Logger.c: In function 'reset_SRAM_writePointer':
../src/TCP_Pulse_Logger.c:75:19: warning: assignment makes pointer from integer without a cast [-Wint-conversion]
  SRAM_WritePointer=0x81000000;
                   ^
../src/TCP_Pulse_Logger.c: In function 'reset_SRAM_readPointer':
../src/TCP_Pulse_Logger.c:81:18: warning: assignment makes pointer from integer without a cast [-Wint-conversion]
  SRAM_ReadPointer=0x81000000;
                  ^
'Finished building: ../src/TCP_Pulse_Logger.c'
' '
'Building file: ../src/echo_modified.c'
'Invoking: MicroBlaze gcc compiler'
mb-gcc -Wall -O0 -g3 -c -fmessage-length=0 -MT"src/echo_modified.o" -I../../TCPServer_bsp/microblaze_0/include -mlittle-endian -mcpu=v11.0 -mxl-soft-mul -Wl,--no-relax -ffunction-sections -fdata-sections -MMD -MP -MF"src/echo_modified.d" -MT"src/echo_modified.o" -o "src/echo_modified.o" "../src/echo_modified.c"
'Finished building: ../src/echo_modified.c'
' '
'Building file: ../src/main_modified.c'
'Invoking: MicroBlaze gcc compiler'
mb-gcc -Wall -O0 -g3 -c -fmessage-length=0 -MT"src/main_modified.o" -I../../TCPServer_bsp/microblaze_0/include -mlittle-endian -mcpu=v11.0 -mxl-soft-mul -Wl,--no-relax -ffunction-sections -fdata-sections -MMD -MP -MF"src/main_modified.d" -MT"src/main_modified.o" -o "src/main_modified.o" "../src/main_modified.c"
'Finished building: ../src/main_modified.c'
' '
'Building file: ../src/platform.c'
'Invoking: MicroBlaze gcc compiler'
mb-gcc -Wall -O0 -g3 -c -fmessage-length=0 -MT"src/platform.o" -I../../TCPServer_bsp/microblaze_0/include -mlittle-endian -mcpu=v11.0 -mxl-soft-mul -Wl,--no-relax -ffunction-sections -fdata-sections -MMD -MP -MF"src/platform.d" -MT"src/platform.o" -o "src/platform.o" "../src/platform.c"
'Finished building: ../src/platform.c'
' '
'Building file: ../src/platform_mb.c'
'Invoking: MicroBlaze gcc compiler'
mb-gcc -Wall -O0 -g3 -c -fmessage-length=0 -MT"src/platform_mb.o" -I../../TCPServer_bsp/microblaze_0/include -mlittle-endian -mcpu=v11.0 -mxl-soft-mul -Wl,--no-relax -ffunction-sections -fdata-sections -MMD -MP -MF"src/platform_mb.d" -MT"src/platform_mb.o" -o "src/platform_mb.o" "../src/platform_mb.c"
'Finished building: ../src/platform_mb.c'
' '
'Building target: TCPServer.elf'
'Invoking: MicroBlaze gcc linker'
mb-gcc -Wl,-T -Wl,../src/lscript.ld -L../../TCPServer_bsp/microblaze_0/lib -mlittle-endian -mcpu=v11.0 -mxl-soft-mul -Wl,--no-relax -Wl,--gc-sections -o "TCPServer.elf"  ./src/TCP_Pulse_Logger.o ./src/echo_modified.o ./src/i2c_access.o ./src/iic_phyreset.o ./src/main_modified.o ./src/platform.o ./src/platform_mb.o ./src/platform_ppc.o ./src/platform_zynq.o ./src/platform_zynqmp.o ./src/sfp.o ./src/si5324.o   -Wl,--start-group,-lxil,-lgcc,-lc,--end-group -Wl,--start-group,-lxil,-llwip4,-lgcc,-lc,--end-group
'Finished building target: TCPServer.elf'
' '
'Invoking: MicroBlaze Print Size'
mb-size TCPServer.elf  |tee "TCPServer.elf.size"
   text	   data	    bss	    dec	    hex	filename
 112316	   1432	 763540	 877288	  d62e8	TCPServer.elf
'Finished building: TCPServer.elf.size'
' '
11:48:11 **** Auto Build of project test_bsp ****
make -k all 
make: *** No rule to make target 'all'.
11:48:12 **** Incremental Build of configuration Debug for project TCPServer ****
make all 
make: Nothing to be done for 'all'.
11:49:16 **** Incremental Build of configuration Debug for project TCPServer ****
make all 
make: Nothing to be done for 'all'.
11:49:44 **** Incremental Build of configuration Debug for project TCPServer ****
make all 
make: Nothing to be done for 'all'.
11:51:11 **** Incremental Build of configuration Debug for project TCPServer ****
make all 
make: Nothing to be done for 'all'.
11:54:01 **** Auto Build of configuration Debug for project TCPServer ****
make all 
'Building file: ../src/TCP_Pulse_Logger.c'
'Invoking: MicroBlaze gcc compiler'
mb-gcc -Wall -O0 -g3 -c -fmessage-length=0 -MT"src/TCP_Pulse_Logger.o" -I../../TCPServer_bsp/microblaze_0/include -mlittle-endian -mcpu=v11.0 -mxl-soft-mul -Wl,--no-relax -ffunction-sections -fdata-sections -MMD -MP -MF"src/TCP_Pulse_Logger.d" -MT"src/TCP_Pulse_Logger.o" -o "src/TCP_Pulse_Logger.o" "../src/TCP_Pulse_Logger.c"
../src/TCP_Pulse_Logger.c: In function 'TCP_pulseLog_init':
../src/TCP_Pulse_Logger.c:16:9: warning: assignment makes pointer from integer without a cast [-Wint-conversion]
  uC2FPGA=0x40000000;
         ^
../src/TCP_Pulse_Logger.c:17:9: warning: assignment makes pointer from integer without a cast [-Wint-conversion]
  FPGA2uC=0x40000000+8;
         ^
[...]
                   ^
../src/TCP_Pulse_Logger.c:61:19: warning: assignment makes pointer from integer without a cast [-Wint-conversion]
  SRAM_WritePointer=0x81000000;
                   ^
../src/TCP_Pulse_Logger.c:62:18: warning: assignment makes pointer from integer without a cast [-Wint-conversion]
  SRAM_ReadPointer=0x81000000;
                  ^
../src/TCP_Pulse_Logger.c: In function 'reset_SRAM_writePointer':
../src/TCP_Pulse_Logger.c:80:19: warning: assignment makes pointer from integer without a cast [-Wint-conversion]
  SRAM_WritePointer=0x81000000;
                   ^
../src/TCP_Pulse_Logger.c: In function 'reset_SRAM_readPointer':
../src/TCP_Pulse_Logger.c:88:18: warning: assignment makes pointer from integer without a cast [-Wint-conversion]
  SRAM_ReadPointer=0x81000000;
                  ^
'Finished building: ../src/TCP_Pulse_Logger.c'
' '
'Building target: TCPServer.elf'
'Invoking: MicroBlaze gcc linker'
mb-gcc -Wl,-T -Wl,../src/lscript.ld -L../../TCPServer_bsp/microblaze_0/lib -mlittle-endian -mcpu=v11.0 -mxl-soft-mul -Wl,--no-relax -Wl,--gc-sections -o "TCPServer.elf"  ./src/TCP_Pulse_Logger.o ./src/echo_modified.o ./src/i2c_access.o ./src/iic_phyreset.o ./src/main_modified.o ./src/platform.o ./src/platform_mb.o ./src/platform_ppc.o ./src/platform_zynq.o ./src/platform_zynqmp.o ./src/sfp.o ./src/si5324.o   -Wl,--start-group,-lxil,-lgcc,-lc,--end-group -Wl,--start-group,-lxil,-llwip4,-lgcc,-lc,--end-group
'Finished building target: TCPServer.elf'
' '
'Invoking: MicroBlaze Print Size'
mb-size TCPServer.elf  |tee "TCPServer.elf.size"
   text	   data	    bss	    dec	    hex	filename
 112616	   1432	 763536	 877584	  d6410	TCPServer.elf
'Finished building: TCPServer.elf.size'
' '
16:13:09 **** Incremental Build of configuration Debug for project TCPServer ****
make all 
make: Nothing to be done for 'all'.
16:15:09 **** Auto Build of configuration Debug for project TCPServer ****
make all 
'Building file: ../src/TCP_Pulse_Logger.c'
'Invoking: MicroBlaze gcc compiler'
mb-gcc -Wall -O0 -g3 -c -fmessage-length=0 -MT"src/TCP_Pulse_Logger.o" -I../../TCPServer_bsp/microblaze_0/include -mlittle-endian -mcpu=v11.0 -mxl-soft-mul -Wl,--no-relax -ffunction-sections -fdata-sections -MMD -MP -MF"src/TCP_Pulse_Logger.d" -MT"src/TCP_Pulse_Logger.o" -o "src/TCP_Pulse_Logger.o" "../src/TCP_Pulse_Logger.c"
In file included from ../src/TCP_Pulse_Logger.c:10:0:
../src/TCP_pulse_logger.h:14:106: warning: useless type qualifier in empty declaration
 volatile enum STATUS_FLAG_TYPE {STOP,MEASUREMENT,REQUEST_DATA,SEND_DATA,REQUEST_MEASUREMENT,REQUEST_AUTO,REQUEST_DISABLE_AUTO};enum STATUS_FLAG_TYPE STATUS_FLAG;
                                                                                                          ^~~~~~~~~~~~~~~~~~~~
In file included from ../src/TCP_Pulse_Logger.c:10:0:
../src/TCP_pulse_logger.h:79:10: warning: type defaults to 'int' in declaration of 'pulseCounter0' [-Wimplicit-int]
 volatile pulseCounter0;
          ^~~~~~~~~~~~~
../src/TCP_Pulse_Logger.c: In function 'TCP_pulseLog_init':
../src/TCP_Pulse_Logger.c:16:9: warning: assignment makes pointer from integer without a cast [-Wint-conversion]
  uC2FPGA=0x40000000;
         ^
../src/TCP_Pulse_Logger.c:17:9: warning: assignment makes pointer from integer without a cast [-Wint-conversion]
  FPGA2uC=0x40000000+8;
         ^
../src/TCP_Pulse_Logger.c:19:14: warning: assignment makes pointer from integer without a cast [-Wint-conversion]
  memAddr_read=0x40010000;
              ^
../src/TCP_Pulse_Logger.c:20:15: warning: assignment makes pointer from integer without a cast [-Wint-conversion]
  memAddr_write=0x40010000+8;
               ^
../src/TCP_Pulse_Logger.c:22:9: warning: assignment makes pointer from integer without a cast [-Wint-conversion]
  regLow0=0x40030000;
         ^
../src/TCP_Pulse_Logger.c:23:10: warning: assignment makes pointer from integer without a cast [-Wint-conversion]
  regHigh0=0x40030000+8;
          ^
../src/TCP_Pulse_Logger.c:24:9: warning: assignment makes pointer from integer without a cast [-Wint-conversion]
  regLow1=0x40040000;
         ^
../src/TCP_Pulse_Logger.c:25:10: warning: assignment makes pointer from integer without a cast [-Wint-conversion]
  regHigh1=0x40040000+8;
          ^
../src/TCP_Pulse_Logger.c:26:9: warning: assignment makes pointer from integer without a cast [-Wint-conversion]
  regLow2=0x40050000;
         ^
../src/TCP_Pulse_Logger.c:27:10: warning: assignment makes pointer from integer without a cast [-Wint-conversion]
  regHigh2=0x40050000+8;
          ^
../src/TCP_Pulse_Logger.c:28:9: warning: assignment makes pointer from integer without a cast [-Wint-conversion]
  regLow3=0x40020000;
         ^
../src/TCP_Pulse_Logger.c:29:10: warning: assignment makes pointer from integer without a cast [-Wint-conversion]
  regHigh3=0x40020000+8;
          ^
../src/TCP_Pulse_Logger.c:31:18: warning: assignment makes pointer from integer without a cast [-Wint-conversion]
  eventCounterLow0=0x40060000;
                  ^
../src/TCP_Pulse_Logger.c:32:19: warning: assignment makes pointer from integer without a cast [-Wint-conversion]
  eventCounterHigh0=0x40060000+8;
                   ^
../src/TCP_Pulse_Logger.c:33:18: warning: assignment makes pointer from integer without a cast [-Wint-conversion]
  eventCounterLow1=0x40090000;
                  ^
../src/TCP_Pulse_Logger.c:34:19: warning: assignment makes pointer from integer without a cast [-Wint-conversion]
  eventCounterHigh1=0x40090000+8;
                   ^
../src/TCP_Pulse_Logger.c:35:18: warning: assignment makes pointer from integer without a cast [-Wint-conversion]
  eventCounterLow2=0x40070000;
                  ^
../src/TCP_Pulse_Logger.c:36:19: warning: assignment makes pointer from integer without a cast [-Wint-conversion]
  eventCounterHigh2=0x40070000+8;
                   ^
../src/TCP_Pulse_Logger.c:37:18: warning: assignment makes pointer from integer without a cast [-Wint-conversion]
  eventCounterLow3=0x40080000;
                  ^
../src/TCP_Pulse_Logger.c:38:19: warning: assignment makes pointer from integer without a cast [-Wint-conversion]
  eventCounterHigh3=0x40080000+8;
                   ^
../src/TCP_Pulse_Logger.c:61:19: warning: assignment makes pointer from integer without a cast [-Wint-conversion]
  SRAM_WritePointer=0x81000000;
                   ^
../src/TCP_Pulse_Logger.c:62:18: warning: assignment makes pointer from integer without a cast [-Wint-conversion]
  SRAM_ReadPointer=0x81000000;
                  ^
../src/TCP_Pulse_Logger.c: In function 'reset_SRAM_writePointer':
../src/TCP_Pulse_Logger.c:80:19: warning: assignment makes pointer from integer without a cast [-Wint-conversion]
  SRAM_WritePointer=0x81000000;
                   ^
../src/TCP_Pulse_Logger.c: In function 'reset_SRAM_readPointer':
../src/TCP_Pulse_Logger.c:88:18: warning: assignment makes pointer from integer without a cast [-Wint-conversion]
  SRAM_ReadPointer=0x81000000;
                  ^
'Finished building: ../src/TCP_Pulse_Logger.c'
' '
'Building target: TCPServer.elf'
'Invoking: MicroBlaze gcc linker'
mb-gcc -Wl,-T -Wl,../src/lscript.ld -L../../TCPServer_bsp/microblaze_0/lib -mlittle-endian -mcpu=v11.0 -mxl-soft-mul -Wl,--no-relax -Wl,--gc-sections -o "TCPServer.elf"  ./src/TCP_Pulse_Logger.o ./src/echo_modified.o ./src/i2c_access.o ./src/iic_phyreset.o ./src/main_modified.o ./src/platform.o ./src/platform_mb.o ./src/platform_ppc.o ./src/platform_zynq.o ./src/platform_zynqmp.o ./src/sfp.o ./src/si5324.o   -Wl,--start-group,-lxil,-lgcc,-lc,--end-group -Wl,--start-group,-lxil,-llwip4,-lgcc,-lc,--end-group
'Finished building target: TCPServer.elf'
' '
'Invoking: MicroBlaze Print Size'
mb-size TCPServer.elf  |tee "TCPServer.elf.size"
   text	   data	    bss	    dec	    hex	filename
 112644	   1432	 763540	 877616	  d6430	TCPServer.elf
'Finished building: TCPServer.elf.size'
' '
16:15:13 **** Incremental Build of configuration Debug for project TCPServer ****
make all 
make: Nothing to be done for 'all'.
16:18:53 **** Build of project test_bsp ****
make -k all 
"Running Make include in microblaze_0/libsrc/bram_v4_2/src"
make -C microblaze_0/libsrc/bram_v4_2/src -s include  "SHELL=CMD" "COMPILER=mb-gcc" "ARCHIVER=mb-ar" "COMPILER_FLAGS=  -O2 -c -mcpu=v11.0 -mlittle-endian -mxl-soft-mul" "EXTRA_COMPILER_FLAGS=-ffunction-sections -fdata-sections -Wall -Wextra"
"Running Make include in microblaze_0/libsrc/cpu_v2_8/src"
make -C microblaze_0/libsrc/cpu_v2_8/src -s include  "SHELL=CMD" "COMPILER=mb-gcc" "ARCHIVER=mb-ar" "COMPILER_FLAGS=  -O2 -c -mcpu=v11.0 -mlittle-endian -mxl-soft-mul" "EXTRA_COMPILER_FLAGS=-ffunction-sections -fdata-sections -Wall -Wextra"
"Running Make include in microblaze_0/libsrc/emaclite_v4_3/src"
make -C microblaze_0/libsrc/emaclite_v4_3/src -s include  "SHELL=CMD" "COMPILER=mb-gcc" "ARCHIVER=mb-ar" "COMPILER_FLAGS=  -O2 -c -mcpu=v11.0 -mlittle-endian -mxl-soft-mul" "EXTRA_COMPILER_FLAGS=-ffunction-sections -fdata-sections -Wall -Wextra"
"Running Make include in microblaze_0/libsrc/gpio_v4_3/src"
make -C microblaze_0/libsrc/gpio_v4_3/src -s include  "SHELL=CMD" "COMPILER=mb-gcc" "ARCHIVER=mb-ar" "COMPILER_FLAGS=  -O2 -c -mcpu=v11.0 -mlittle-endian -mxl-soft-mul" "EXTRA_COMPILER_FLAGS=-ffunction-sections -fdata-sections -Wall -Wextra"
"Running Make include in microblaze_0/libsrc/intc_v3_8/src"
make -C microblaze_0/libsrc/intc_v3_8/src -s include  "SHELL=CMD" "COMPILER=mb-gcc" "ARCHIVER=mb-ar" "COMPILER_FLAGS=  -O2 -c -mcpu=v11.0 -mlittle-endian -mxl-soft-mul" "EXTRA_COMPILER_FLAGS=-ffunction-sections -fdata-sections -Wall -Wextra"
"Running Make include in microblaze_0/libsrc/lwip202_v1_2/src"
make -C microblaze_0/libsrc/lwip202_v1_2/src -s include  "SHELL=CMD" "COMPILER=mb-gcc" "ARCHIVER=mb-ar" "COMPILER_FLAGS=  -O2 -c -mcpu=v11.0 -mlittle-endian -mxl-soft-mul" "EXTRA_COMPILER_FLAGS=-ffunction-sections -fdata-sections -Wall -Wextra"
"Running Make include in microblaze_0/libsrc/standalone_v6_8/src"
make -C microblaze_0/libsrc/standalone_v6_8/src -s include  "SHELL=CMD" "COMPILER=mb-gcc" "ARCHIVER=mb-ar" "COMPILER_FLAGS=  -O2 -c -mcpu=v11.0 -mlittle-endian -mxl-soft-mul" "EXTRA_COMPILER_FLAGS=-ffunction-sections -fdata-sections -Wall -Wextra"
"Running Make include in microblaze_0/libsrc/tmrctr_v4_5/src"
make -C microblaze_0/libsrc/tmrctr_v4_5/src -s include  "SHELL=CMD" "COMPILER=mb-gcc" "ARCHIVER=mb-ar" "COMPILER_FLAGS=  -O2 -c -mcpu=v11.0 -mlittle-endian -mxl-soft-mul" "EXTRA_COMPILER_FLAGS=-ffunction-sections -fdata-sections -Wall -Wextra"
"Running Make include in microblaze_0/libsrc/uartlite_v3_2/src"
make -C microblaze_0/libsrc/uartlite_v3_2/src -s include  "SHELL=CMD" "COMPILER=mb-gcc" "ARCHIVER=mb-ar" "COMPILER_FLAGS=  -O2 -c -mcpu=v11.0 -mlittle-endian -mxl-soft-mul" "EXTRA_COMPILER_FLAGS=-ffunction-sections -fdata-sections -Wall -Wextra"
"Running Make libs in microblaze_0/libsrc/bram_v4_2/src"
make -C microblaze_0/libsrc/bram_v4_2/src -s libs  "SHELL=CMD" "COMPILER=mb-gcc" "ARCHIVER=mb-ar" "COMPILER_FLAGS=  -O2 -c -mcpu=v11.0 -mlittle-endian -mxl-soft-mul" "EXTRA_COMPILER_FLAGS=-ffunction-sections -fdata-sections -Wall -Wextra"
"Compiling bram"
"Running Make libs in microblaze_0/libsrc/cpu_v2_8/src"
make -C microblaze_0/libsrc/cpu_v2_8/src -s libs  "SHELL=CMD" "COMPILER=mb-gcc" "ARCHIVER=mb-ar" "COMPILER_FLAGS=  -O2 -c -mcpu=v11.0 -mlittle-endian -mxl-soft-mul" "EXTRA_COMPILER_FLAGS=-ffunction-sections -fdata-sections -Wall -Wextra"
"Compiling cpu"
"Running Make libs in microblaze_0/libsrc/emaclite_v4_3/src"
make -C microblaze_0/libsrc/emaclite_v4_3/src -s libs  "SHELL=CMD" "COMPILER=mb-gcc" "ARCHIVER=mb-ar" "COMPILER_FLAGS=  -O2 -c -mcpu=v11.0 -mlittle-endian -mxl-soft-mul" "EXTRA_COMPILER_FLAGS=-ffunction-sections -fdata-sections -Wall -Wextra"
"Compiling emaclite"
"Running Make libs in microblaze_0/libsrc/gpio_v4_3/src"
make -C microblaze_0/libsrc/gpio_v4_3/src -s libs  "SHELL=CMD" "COMPILER=mb-gcc" "ARCHIVER=mb-ar" "COMPILER_FLAGS=  -O2 -c -mcpu=v11.0 -mlittle-endian -mxl-soft-mul" "EXTRA_COMPILER_FLAGS=-ffunction-sections -fdata-sections -Wall -Wextra"
"Compiling gpio"
"Running Make libs in microblaze_0/libsrc/intc_v3_8/src"
make -C microblaze_0/libsrc/intc_v3_8/src -s libs  "SHELL=CMD" "COMPILER=mb-gcc" "ARCHIVER=mb-ar" "COMPILER_FLAGS=  -O2 -c -mcpu=v11.0 -mlittle-endian -mxl-soft-mul" "EXTRA_COMPILER_FLAGS=-ffunction-sections -fdata-sections -Wall -Wextra"
"Compiling intc"
"Running Make libs in microblaze_0/libsrc/lwip202_v1_2/src"
make -C microblaze_0/libsrc/lwip202_v1_2/src -s libs  "SHELL=CMD" "COMPILER=mb-gcc" "ARCHIVER=mb-ar" "COMPILER_FLAGS=  -O2 -c -mcpu=v11.0 -mlittle-endian -mxl-soft-mul" "EXTRA_COMPILER_FLAGS=-ffunction-sections -fdata-sections -Wall -Wextra"
"Compiling lwip src and adapter files"
"Running Make libs in microblaze_0/libsrc/standalone_v6_8/src"
make -C microblaze_0/libsrc/standalone_v6_8/src -s libs  "SHELL=CMD" "COMPILER=mb-gcc" "ARCHIVER=mb-ar" "COMPILER_FLAGS=  -O2 -c -mcpu=v11.0 -mlittle-endian -mxl-soft-mul" "EXTRA_COMPILER_FLAGS=-ffunction-sections -fdata-sections -Wall -Wextra"
"Compiling standalone";
microblaze_sleep.c:77:9: note: #pragma message: For the sleep routines, assembly instructions are used
 #pragma message ("For the sleep routines, assembly instructions are used")
         ^~~~~~~
"Running Make libs in microblaze_0/libsrc/tmrctr_v4_5/src"
make -C microblaze_0/libsrc/tmrctr_v4_5/src -s libs  "SHELL=CMD" "COMPILER=mb-gcc" "ARCHIVER=mb-ar" "COMPILER_FLAGS=  -O2 -c -mcpu=v11.0 -mlittle-endian -mxl-soft-mul" "EXTRA_COMPILER_FLAGS=-ffunction-sections -fdata-sections -Wall -Wextra"
"Compiling tmrctr"
"Running Make libs in microblaze_0/libsrc/uartlite_v3_2/src"
make -C microblaze_0/libsrc/uartlite_v3_2/src -s libs  "SHELL=CMD" "COMPILER=mb-gcc" "ARCHIVER=mb-ar" "COMPILER_FLAGS=  -O2 -c -mcpu=v11.0 -mlittle-endian -mxl-soft-mul" "EXTRA_COMPILER_FLAGS=-ffunction-sections -fdata-sections -Wall -Wextra"
"Compiling uartlite"
'Finished building libraries'
16:20:58 **** Auto Build of configuration Debug for project TCPServer ****
make all 
'Building file: ../src/TCP_Pulse_Logger.c'
'Invoking: MicroBlaze gcc compiler'
mb-gcc -Wall -O0 -g3 -c -fmessage-length=0 -MT"src/TCP_Pulse_Logger.o" -I../../TCPServer_bsp/microblaze_0/include -mlittle-endian -mcpu=v11.0 -mxl-soft-mul -Wl,--no-relax -ffunction-sections -fdata-sections -MMD -MP -MF"src/TCP_Pulse_Logger.d" -MT"src/TCP_Pulse_Logger.o" -o "src/TCP_Pulse_Logger.o" "../src/TCP_Pulse_Logger.c"
In file included from ../src/TCP_Pulse_Logger.c:10:0:
../src/TCP_pulse_logger.h:14:106: warning: useless type qualifier in empty declaration
 volatile enum STATUS_FLAG_TYPE {STOP,MEASUREMENT,REQUEST_DATA,SEND_DATA,REQUEST_MEASUREMENT,REQUEST_AUTO,REQUEST_DISABLE_AUTO};enum STATUS_FLAG_TYPE STATUS_FLAG;
                                                                                                          ^~~~~~~~~~~~~~~~~~~~
In file included from ../src/TCP_Pulse_Logger.c:10:0:
../src/TCP_pulse_logger.h:79:10: warning: type defaults to 'int' in declaration of 'pulseCounter0' [-Wimplicit-int]
 volatile pulseCounter0;
          ^~~~~~~~~~~~~
../src/TCP_Pulse_Logger.c: In function 'TCP_pulseLog_init':
../src/TCP_Pulse_Logger.c:16:9: warning: assignment makes pointer from integer without a cast [-Wint-conversion]
  uC2FPGA=0x40000000;
         ^
../src/TCP_Pulse_Logger.c:17:9: warning: assignment makes pointer from integer without a cast [-Wint-conversion]
  FPGA2uC=0x40000000+8;
         ^
../src/TCP_Pulse_Logger.c:19:14: warning: assignment makes pointer from integer without a cast [-Wint-conversion]
  memAddr_read=0x40010000;
              ^
../src/TCP_Pulse_Logger.c:20:15: warning: assignment makes pointer from integer without a cast [-Wint-conversion]
  memAddr_write=0x40010000+8;
               ^
../src/TCP_Pulse_Logger.c:22:9: warning: assignment makes pointer from integer without a cast [-Wint-conversion]
  regLow0=0x40030000;
         ^
../src/TCP_Pulse_Logger.c:23:10: warning: assignment makes pointer from integer without a cast [-Wint-conversion]
  regHigh0=0x40030000+8;
          ^
../src/TCP_Pulse_Logger.c:24:9: warning: assignment makes pointer from integer without a cast [-Wint-conversion]
  regLow1=0x40040000;
         ^
../src/TCP_Pulse_Logger.c:25:10: warning: assignment makes pointer from integer without a cast [-Wint-conversion]
  regHigh1=0x40040000+8;
          ^
../src/TCP_Pulse_Logger.c:26:9: warning: assignment makes pointer from integer without a cast [-Wint-conversion]
  regLow2=0x40050000;
         ^
../src/TCP_Pulse_Logger.c:27:10: warning: assignment makes pointer from integer without a cast [-Wint-conversion]
  regHigh2=0x40050000+8;
          ^
../src/TCP_Pulse_Logger.c:28:9: warning: assignment makes pointer from integer without a cast [-Wint-conversion]
  regLow3=0x40020000;
         ^
../src/TCP_Pulse_Logger.c:29:10: warning: assignment makes pointer from integer without a cast [-Wint-conversion]
  regHigh3=0x40020000+8;
          ^
../src/TCP_Pulse_Logger.c:31:18: warning: assignment makes pointer from integer without a cast [-Wint-conversion]
  eventCounterLow0=0x40060000;
                  ^
../src/TCP_Pulse_Logger.c:32:19: warning: assignment makes pointer from integer without a cast [-Wint-conversion]
  eventCounterHigh0=0x40060000+8;
                   ^
../src/TCP_Pulse_Logger.c:33:18: warning: assignment makes pointer from integer without a cast [-Wint-conversion]
  eventCounterLow1=0x40090000;
                  ^
../src/TCP_Pulse_Logger.c:34:19: warning: assignment makes pointer from integer without a cast [-Wint-conversion]
  eventCounterHigh1=0x40090000+8;
                   ^
../src/TCP_Pulse_Logger.c:35:18: warning: assignment makes pointer from integer without a cast [-Wint-conversion]
  eventCounterLow2=0x40070000;
                  ^
../src/TCP_Pulse_Logger.c:36:19: warning: assignment makes pointer from integer without a cast [-Wint-conversion]
  eventCounterHigh2=0x40070000+8;
                   ^
../src/TCP_Pulse_Logger.c:37:18: warning: assignment makes pointer from integer without a cast [-Wint-conversion]
  eventCounterLow3=0x40080000;
                  ^
../src/TCP_Pulse_Logger.c:38:19: warning: assignment makes pointer from integer without a cast [-Wint-conversion]
  eventCounterHigh3=0x40080000+8;
                   ^
../src/TCP_Pulse_Logger.c:61:19: warning: assignment makes pointer from integer without a cast [-Wint-conversion]
  SRAM_WritePointer=0x81000000;
                   ^
../src/TCP_Pulse_Logger.c:62:18: warning: assignment makes pointer from integer without a cast [-Wint-conversion]
  SRAM_ReadPointer=0x81000000;
                  ^
../src/TCP_Pulse_Logger.c: In function 'reset_SRAM_writePointer':
../src/TCP_Pulse_Logger.c:80:19: warning: assignment makes pointer from integer without a cast [-Wint-conversion]
  SRAM_WritePointer=0x81000000;
                   ^
../src/TCP_Pulse_Logger.c: In function 'reset_SRAM_readPointer':
../src/TCP_Pulse_Logger.c:88:18: warning: assignment makes pointer from integer without a cast [-Wint-conversion]
  SRAM_ReadPointer=0x81000000;
                  ^
'Finished building: ../src/TCP_Pulse_Logger.c'
' '
'Building target: TCPServer.elf'
'Invoking: MicroBlaze gcc linker'
mb-gcc -Wl,-T -Wl,../src/lscript.ld -L../../TCPServer_bsp/microblaze_0/lib -mlittle-endian -mcpu=v11.0 -mxl-soft-mul -Wl,--no-relax -Wl,--gc-sections -o "TCPServer.elf"  ./src/TCP_Pulse_Logger.o ./src/echo_modified.o ./src/i2c_access.o ./src/iic_phyreset.o ./src/main_modified.o ./src/platform.o ./src/platform_mb.o ./src/platform_ppc.o ./src/platform_zynq.o ./src/platform_zynqmp.o ./src/sfp.o ./src/si5324.o   -Wl,--start-group,-lxil,-lgcc,-lc,--end-group -Wl,--start-group,-lxil,-llwip4,-lgcc,-lc,--end-group
'Finished building target: TCPServer.elf'
' '
'Invoking: MicroBlaze Print Size'
mb-size TCPServer.elf  |tee "TCPServer.elf.size"
   text	   data	    bss	    dec	    hex	filename
 112644	   1432	 763540	 877616	  d6430	TCPServer.elf
'Finished building: TCPServer.elf.size'
' '
