16:20:58 **** Auto Build of configuration Debug for project TCPServer ****
make all 
'Building file: ../src/TCP_Pulse_Logger.c'
'Invoking: MicroBlaze gcc compiler'
mb-gcc -Wall -O0 -g3 -c -fmessage-length=0 -MT"src/TCP_Pulse_Logger.o" -I../../TCPServer_bsp/microblaze_0/include -mlittle-endian -mcpu=v11.0 -mxl-soft-mul -Wl,--no-relax -ffunction-sections -fdata-sections -MMD -MP -MF"src/TCP_Pulse_Logger.d" -MT"src/TCP_Pulse_Logger.o" -o "src/TCP_Pulse_Logger.o" "../src/TCP_Pulse_Logger.c"
In file included from ../src/TCP_Pulse_Logger.c:10:0:
../src/TCP_pulse_logger.h:14:106: warning: useless type qualifier in empty declaration
 volatile enum STATUS_FLAG_TYPE {STOP,MEASUREMENT,REQUEST_DATA,SEND_DATA,REQUEST_MEASUREMENT,REQUEST_AUTO,REQUEST_DISABLE_AUTO};enum STATUS_FLAG_TYPE STATUS_FLAG;
                                                                                                          ^~~~~~~~~~~~~~~~~~~~
In file included from ../src/TCP_Pulse_Logger.c:10:0:
../src/TCP_pulse_logger.h:79:10: warning: type defaults to 'int' in declaration of 'pulseCounter0' [-Wimplicit-int]
 volatile pulseCounter0;
          ^~~~~~~~~~~~~
../src/TCP_Pulse_Logger.c: In function 'TCP_pulseLog_init':
../src/TCP_Pulse_Logger.c:16:9: warning: assignment makes pointer from integer without a cast [-Wint-conversion]
  uC2FPGA=0x40000000;
         ^
../src/TCP_Pulse_Logger.c:17:9: warning: assignment makes pointer from integer without a cast [-Wint-conversion]
  FPGA2uC=0x40000000+8;
         ^
../src/TCP_Pulse_Logger.c:19:14: warning: assignment makes pointer from integer without a cast [-Wint-conversion]
  memAddr_read=0x40010000;
              ^
../src/TCP_Pulse_Logger.c:20:15: warning: assignment makes pointer from integer without a cast [-Wint-conversion]
  memAddr_write=0x40010000+8;
               ^
../src/TCP_Pulse_Logger.c:22:9: warning: assignment makes pointer from integer without a cast [-Wint-conversion]
  regLow0=0x40030000;
         ^
../src/TCP_Pulse_Logger.c:23:10: warning: assignment makes pointer from integer without a cast [-Wint-conversion]
  regHigh0=0x40030000+8;
          ^
../src/TCP_Pulse_Logger.c:24:9: warning: assignment makes pointer from integer without a cast [-Wint-conversion]
  regLow1=0x40040000;
         ^
../src/TCP_Pulse_Logger.c:25:10: warning: assignment makes pointer from integer without a cast [-Wint-conversion]
  regHigh1=0x40040000+8;
          ^
../src/TCP_Pulse_Logger.c:26:9: warning: assignment makes pointer from integer without a cast [-Wint-conversion]
  regLow2=0x40050000;
         ^
../src/TCP_Pulse_Logger.c:27:10: warning: assignment makes pointer from integer without a cast [-Wint-conversion]
  regHigh2=0x40050000+8;
          ^
../src/TCP_Pulse_Logger.c:28:9: warning: assignment makes pointer from integer without a cast [-Wint-conversion]
  regLow3=0x40020000;
         ^
../src/TCP_Pulse_Logger.c:29:10: warning: assignment makes pointer from integer without a cast [-Wint-conversion]
  regHigh3=0x40020000+8;
          ^
../src/TCP_Pulse_Logger.c:31:18: warning: assignment makes pointer from integer without a cast [-Wint-conversion]
  eventCounterLow0=0x40060000;
                  ^
../src/TCP_Pulse_Logger.c:32:19: warning: assignment makes pointer from integer without a cast [-Wint-conversion]
  eventCounterHigh0=0x40060000+8;
                   ^
../src/TCP_Pulse_Logger.c:33:18: warning: assignment makes pointer from integer without a cast [-Wint-conversion]
  eventCounterLow1=0x40090000;
                  ^
../src/TCP_Pulse_Logger.c:34:19: warning: assignment makes pointer from integer without a cast [-Wint-conversion]
  eventCounterHigh1=0x40090000+8;
                   ^
../src/TCP_Pulse_Logger.c:35:18: warning: assignment makes pointer from integer without a cast [-Wint-conversion]
  eventCounterLow2=0x40070000;
                  ^
../src/TCP_Pulse_Logger.c:36:19: warning: assignment makes pointer from integer without a cast [-Wint-conversion]
  eventCounterHigh2=0x40070000+8;
                   ^
../src/TCP_Pulse_Logger.c:37:18: warning: assignment makes pointer from integer without a cast [-Wint-conversion]
  eventCounterLow3=0x40080000;
                  ^
../src/TCP_Pulse_Logger.c:38:19: warning: assignment makes pointer from integer without a cast [-Wint-conversion]
  eventCounterHigh3=0x40080000+8;
                   ^
../src/TCP_Pulse_Logger.c:61:19: warning: assignment makes pointer from integer without a cast [-Wint-conversion]
  SRAM_WritePointer=0x81000000;
                   ^
../src/TCP_Pulse_Logger.c:62:18: warning: assignment makes pointer from integer without a cast [-Wint-conversion]
  SRAM_ReadPointer=0x81000000;
                  ^
../src/TCP_Pulse_Logger.c: In function 'reset_SRAM_writePointer':
../src/TCP_Pulse_Logger.c:80:19: warning: assignment makes pointer from integer without a cast [-Wint-conversion]
  SRAM_WritePointer=0x81000000;
                   ^
../src/TCP_Pulse_Logger.c: In function 'reset_SRAM_readPointer':
../src/TCP_Pulse_Logger.c:88:18: warning: assignment makes pointer from integer without a cast [-Wint-conversion]
  SRAM_ReadPointer=0x81000000;
                  ^
'Finished building: ../src/TCP_Pulse_Logger.c'
' '
'Building target: TCPServer.elf'
'Invoking: MicroBlaze gcc linker'
mb-gcc -Wl,-T -Wl,../src/lscript.ld -L../../TCPServer_bsp/microblaze_0/lib -mlittle-endian -mcpu=v11.0 -mxl-soft-mul -Wl,--no-relax -Wl,--gc-sections -o "TCPServer.elf"  ./src/TCP_Pulse_Logger.o ./src/echo_modified.o ./src/i2c_access.o ./src/iic_phyreset.o ./src/main_modified.o ./src/platform.o ./src/platform_mb.o ./src/platform_ppc.o ./src/platform_zynq.o ./src/platform_zynqmp.o ./src/sfp.o ./src/si5324.o   -Wl,--start-group,-lxil,-lgcc,-lc,--end-group -Wl,--start-group,-lxil,-llwip4,-lgcc,-lc,--end-group
'Finished building target: TCPServer.elf'
' '
'Invoking: MicroBlaze Print Size'
mb-size TCPServer.elf  |tee "TCPServer.elf.size"
   text	   data	    bss	    dec	    hex	filename
 112644	   1432	 763540	 877616	  d6430	TCPServer.elf
'Finished building: TCPServer.elf.size'
' '

16:21:00 Build Finished (took 2s.164ms)

